Microchip Technology Inc, v1.25 (A)

Tool Name:
  e:\program files (x86)\microchip\xc16\v1.25\bin\bin\..\bin/elf-ld.exe

Command:
  -p33FJ256MC710 \
  -o \
  dist/default/production/lab10.X.production.elf \
  -Le:/program files (x86)/microchip/xc16/v1.25/bin/bin/.. \
  -Le:/program files (x86)/microchip/xc16/v1.25/bin/bin/../../lib \
  -Le:/program files (x86)/microchip/xc16/v1.25/bin/bin/../../support/PIC24E/gld \
  -Le:/program files (x86)/microchip/xc16/v1.25/bin/bin/../../support/PIC24F/gld \
  -Le:/program files (x86)/microchip/xc16/v1.25/bin/bin/../../support/PIC24H/gld \
  -Le:/program files (x86)/microchip/xc16/v1.25/bin/bin/../../support/dsPIC30F/gld \
  -Le:/program files (x86)/microchip/xc16/v1.25/bin/bin/../../support/dsPIC33E/gld \
  -Le:/program files (x86)/microchip/xc16/v1.25/bin/bin/../../support/dsPIC33F/gld \
  build/default/production/_ext/1472/app.o \
  build/default/production/_ext/1472/bsp.o \
  build/default/production/_ext/1472/bsp_a.o \
  build/default/production/_ext/1472/os_core.o \
  build/default/production/_ext/1472/os_cpu_a.o \
  build/default/production/_ext/1472/os_cpu_c.o \
  build/default/production/_ext/1472/os_cpu_util_a.o \
  build/default/production/_ext/1472/os_dbg.o \
  build/default/production/_ext/1472/os_flag.o \
  build/default/production/_ext/1472/os_mbox.o \
  build/default/production/_ext/1472/os_mem.o \
  build/default/production/_ext/1472/os_mutex.o \
  build/default/production/_ext/1472/os_q.o \
  build/default/production/_ext/1472/os_sem.o \
  build/default/production/_ext/1472/os_task.o \
  build/default/production/_ext/1472/os_time.o \
  build/default/production/_ext/1472/os_tmr.o \
  build/default/production/_ext/1472/app_hooks.o \
  build/default/production/_ext/1472/app_probe.o \
  build/default/production/_ext/1472/os_probe.o \
  build/default/production/_ext/1472/probe_com.o \
  build/default/production/_ext/1472/probe_com_os.o \
  build/default/production/_ext/1472/lib_mem.o \
  build/default/production/_ext/1472/lib_str.o \
  build/default/production/_ext/1472/bsp_lcd.o \
  build/default/production/_ext/1472/lcd.o \
  build/default/production/_ext/1472/lcd_os.o \
  build/default/production/_ext/1472/algorithm.o \
  build/default/production/_ext/1472/flexmotor.o \
  build/default/production/_ext/1472/flextouch.o \
  build/default/production/_ext/1472/pid_controller.o \
  build/default/production/_ext/1472/Debouncer.o \
  --defsym=__MPLAB_BUILD=1 \
  -Tp33FJ256MC710.gld.00 \
  --stack=16 \
  --check-sections \
  --data-init \
  --pack-data \
  --handles \
  --isr \
  --no-gc-sections \
  --fill-upper=0 \
  --stackguard=16 \
  --library-path=.. \
  --library-path=. \
  --no-force-link \
  --smart-io \
  -Map=dist/default/production/lab10.X.production.map \
  --report-mem \
  --memorysummary \
  dist/default/production/memoryfile.xml \
  -start-group \
  --library=lega-pic30-elf \
  --library=m-elf \
  --library=lega-c-elf \
  -end-group \


Optional library libp33FJ256MC710.a not found
Archive member included because of file (symbol)

e:/program files (x86)/microchip/xc16/v1.25/bin/bin/../../lib\liblega-pic30-elf.a(crt0_standard.o)
                              (__resetPRI)
e:/program files (x86)/microchip/xc16/v1.25/bin/bin/../../lib\liblega-pic30-elf.a(data_init_standard.o)
                              e:/program files (x86)/microchip/xc16/v1.25/bin/bin/../../lib\liblega-pic30-elf.a(crt0_standard.o) (__data_init_standard)
e:/program files (x86)/microchip/xc16/v1.25/bin/bin/../../lib\liblega-pic30-elf.a(delay32.Leo)
                              build/default/production/_ext/1472/flextouch.o (___delay32)
e:/program files (x86)/microchip/xc16/v1.25/bin/bin/../../lib\libm-elf.a(addsf3.eo)
                              build/default/production/_ext/1472/pid_controller.o (___subsf3)
e:/program files (x86)/microchip/xc16/v1.25/bin/bin/../../lib\libm-elf.a(divsf3.eo)
                              build/default/production/_ext/1472/os_probe.o (___divsf3)
e:/program files (x86)/microchip/xc16/v1.25/bin/bin/../../lib\libm-elf.a(fgtge.eo)
                              build/default/production/_ext/1472/pid_controller.o (___gtsf2)
e:/program files (x86)/microchip/xc16/v1.25/bin/bin/../../lib\libm-elf.a(fixsfsi.eo)
                              build/default/production/_ext/1472/pid_controller.o (_(float, int, long long, short, float, short, int))
e:/program files (x86)/microchip/xc16/v1.25/bin/bin/../../lib\libm-elf.a(fixunssfsi.eo)
                              build/default/production/_ext/1472/pid_controller.o (___fixunssfsi)
e:/program files (x86)/microchip/xc16/v1.25/bin/bin/../../lib\libm-elf.a(floatsisf.eo)
                              build/default/production/_ext/1472/pid_controller.o (___floatsisf)
e:/program files (x86)/microchip/xc16/v1.25/bin/bin/../../lib\libm-elf.a(floatunsisf.eo)
                              build/default/production/_ext/1472/os_probe.o (___floatunsisf)
[...]
Memory Configuration

Name             Origin             Length             Attributes
data             0x000800           0x007800           a !xr
reset            0x000000           0x000004  
ivt              0x000004           0x0000fc  
_reserved        0x000100           0x000004  
aivt             0x000104           0x0000fc  
program          0x000200           0x02aa00           xr
FBS              0xf80000           0x000002  
FSS              0xf80002           0x000002  
FGS              0xf80004           0x000002  
FOSCSEL          0xf80006           0x000002  
FOSC             0xf80008           0x000002  
FWDT             0xf8000a           0x000002  
FPOR             0xf8000c           0x000002  
FICD             0xf8000e           0x000002  
FUID0            0xf80010           0x000002  
FUID1            0xf80012           0x000002  
FUID2            0xf80014           0x000002  
FUID3            0xf80016           0x000002  
*default*        0x000000           0xffffffff  

Linker script and memory map

LOAD build/default/production/_ext/1472/app.o
LOAD build/default/production/_ext/1472/bsp.o
LOAD build/default/production/_ext/1472/bsp_a.o
LOAD build/default/production/_ext/1472/os_core.o
LOAD build/default/production/_ext/1472/os_cpu_a.o
LOAD build/default/production/_ext/1472/os_cpu_c.o
LOAD build/default/production/_ext/1472/os_cpu_util_a.o
LOAD build/default/production/_ext/1472/os_dbg.o
LOAD build/default/production/_ext/1472/os_flag.o
LOAD build/default/production/_ext/1472/os_mbox.o
LOAD build/default/production/_ext/1472/os_mem.o
LOAD build/default/production/_ext/1472/os_mutex.o
LOAD build/default/production/_ext/1472/os_q.o
LOAD build/default/production/_ext/1472/os_sem.o
LOAD build/default/production/_ext/1472/os_task.o
LOAD build/default/production/_ext/1472/os_time.o
LOAD build/default/production/_ext/1472/os_tmr.o
LOAD build/default/production/_ext/1472/app_hooks.o
LOAD build/default/production/_ext/1472/app_probe.o
LOAD build/default/production/_ext/1472/os_probe.o
LOAD build/default/production/_ext/1472/probe_com.o
LOAD build/default/production/_ext/1472/probe_com_os.o
LOAD build/default/production/_ext/1472/lib_mem.o
LOAD build/default/production/_ext/1472/lib_str.o
LOAD build/default/production/_ext/1472/bsp_lcd.o
LOAD build/default/production/_ext/1472/lcd.o
LOAD build/default/production/_ext/1472/lcd_os.o
LOAD build/default/production/_ext/1472/algorithm.o
LOAD build/default/production/_ext/1472/flexmotor.o
LOAD build/default/production/_ext/1472/flextouch.o
LOAD build/default/production/_ext/1472/pid_controller.o
LOAD build/default/production/_ext/1472/Debouncer.o
                    0x0001                  __MPLAB_BUILD = 0x1
LOAD p33FJ256MC710
LOAD e:/program files (x86)/microchip/xc16/v1.25/bin/bin/../../lib\libfx-elf.a
                    0xf80000                  __FBS = 0xf80000
                    0xf80002                  __FSS = 0xf80002
                    0xf80004                  __FGS = 0xf80004
                    0xf80006                  __FOSCSEL = 0xf80006
                    0xf80008                  __FOSC = 0xf80008
                    0xf8000a                  __FWDT = 0xf8000a
                    0xf8000c                  __FPOR = 0xf8000c
                    0xf8000e                  __FICD = 0xf8000e
                    0xf80010                  __FUID0 = 0xf80010
                    0xf80012                  __FUID1 = 0xf80012
                    0xf80014                  __FUID2 = 0xf80014
                    0xf80016                  __FUID3 = 0xf80016
                    0x0200                  __CODE_BASE = 0x200
                    0x2aa00                  __CODE_LENGTH = 0x2aa00
                    0x0004                  __IVT_BASE = 0x4
                    0x0104                  __AIVT_BASE = 0x104
                    0x0800                  __DATA_BASE = 0x800
                    0x7800                  __DATA_LENGTH = 0x7800
                    0x4800                  __YDATA_BASE = 0x4800
                    0x7800                  __DMA_BASE = 0x7800
                    0x7fff                  __DMA_END = 0x7fff

.reset            0x000000          0x4
                  0x000000          0x2 SHORT 0x200 ABSOLUTE (__reset)
                  0x000001          0x2 SHORT 0x4
                  0x000002          0x2 SHORT 0x0 ((ABSOLUTE (__reset) >> 0x10) & 0x7f)
                  0x000003          0x2 SHORT 0x0

.text             0x000200        0xd48
 *(.init)
 .init            0x000200         0x3c e:/program files (x86)/microchip/xc16/v1.25/bin/bin/../../lib\liblega-pic30-elf.a(crt0_standard.o)
                  0x000200                  __resetPRI
                  0x000200                  __reset
                  0x00022c                  __psv_init
 .init            0x00023c         0x5e e:/program files (x86)/microchip/xc16/v1.25/bin/bin/../../lib\liblega-pic30-elf.a(data_init_standard.o)
                  0x00023c                  __data_init_standard
                  0x00023c                  __data_init
 *(.user_init)
 *(.handle)
 .handle          0x00029a         0x28 jump_table
 *(.isr*)
 .isr             0x0002c2          0x4 default_isr
                  0x0002c2                  __DefaultInterrupt
 *(.libc)
 .libc            0x0002c6         0x10 e:/program files (x86)/microchip/xc16/v1.25/bin/bin/../../lib\liblega-pic30-elf.a(_exit.Leo)
                  0x0002c6                  __exit
 .libc            0x0002d6         0x12 e:/program files (x86)/microchip/xc16/v1.25/bin/bin/../../lib\liblega-pic30-elf.a(close.Leo)
                  0x0002d6                  _close
 .libc            0x0002e8         0x5c e:/program files (x86)/microchip/xc16/v1.25/bin/bin/../../lib\liblega-pic30-elf.a(write.Leo)
                  0x0002e8                  _write
 .libc            0x000344         0x12 e:/program files (x86)/microchip/xc16/v1.25/bin/bin/../../lib\liblega-pic30-elf.a(remove.Leo)
                  0x000344                  _remove
 .libc            0x000356         0x28 e:/program files (x86)/microchip/xc16/v1.25/bin/bin/../../lib\liblega-pic30-elf.a(sbrk.Leo)
                  0x000356                  _sbrk
 .libc            0x00037e         0x1a e:/program files (x86)/microchip/xc16/v1.25/bin/bin/../../lib\liblega-pic30-elf.a(brk.Lelo)
                  0x00037e                  _brk
 *(.libm)
 *(.libdsp)
 *(.lib*)
 .libm.subsf3     0x000398         0xbc e:/program files (x86)/microchip/xc16/v1.25/bin/bin/../../lib\libm-elf.a(addsf3.eo)
                  0x000398                  ___subsf3
                  0x00039a                  ___addsf3
 .libm.divfs3     0x000454         0x84 e:/program files (x86)/microchip/xc16/v1.25/bin/bin/../../lib\libm-elf.a(divsf3.eo)
                  0x000454                  ___divsf3
 .libm.gtsf2      0x0004d8          0x4 e:/program files (x86)/microchip/xc16/v1.25/bin/bin/../../lib\libm-elf.a(fgtge.eo)
                  0x0004d8                  ___gesf2
                  0x0004d8                  ___gtsf2
 .libm.fixsfsi    0x0004dc         0x42 e:/program files (x86)/microchip/xc16/v1.25/bin/bin/../../lib\libm-elf.a(fixsfsi.eo)
                  0x0004dc                  _(float, int, long long, short, float, short, int)
 .libm.fixunssfsi
                  0x00051e         0x36 e:/program files (x86)/microchip/xc16/v1.25/bin/bin/../../lib\libm-elf.a(fixunssfsi.eo)
                  0x00051e                  ___fixunssfsi
 .libm.floatsisf
                  0x000554          0x6 e:/program files (x86)/microchip/xc16/v1.25/bin/bin/../../lib\libm-elf.a(floatsisf.eo)
                  0x000554                  ___floatsisf
 .libm.floatunsisf
                  0x00055a          0x4 e:/program files (x86)/microchip/xc16/v1.25/bin/bin/../../lib\libm-elf.a(floatunsisf.eo)
                  0x00055a                  ___floatunsisf
 .libm.fpack      0x00055e         0x4c e:/program files (x86)/microchip/xc16/v1.25/bin/bin/../../lib\libm-elf.a(fpack.eo)
                  0x00055e                  __fpack
 .libm.funpack    0x0005aa         0x2a e:/program files (x86)/microchip/xc16/v1.25/bin/bin/../../lib\libm-elf.a(funpack.eo)
                  0x0005aa                  __funpack
 .libm.funpack2
                  0x0005d4         0x10 e:/program files (x86)/microchip/xc16/v1.25/bin/bin/../../lib\libm-elf.a(funpack2.eo)
                  0x0005d4                  __funpack2
 .libm.fPropagateNaN
                  0x0005e4         0x12 e:/program files (x86)/microchip/xc16/v1.25/bin/bin/../../lib\libm-elf.a(futil.eo)
                  0x0005e4                  __fPropagateNaN
 .libm.fbobExit
                  0x0005f6          0x8 e:/program files (x86)/microchip/xc16/v1.25/bin/bin/../../lib\libm-elf.a(futil.eo)
                  0x0005f6                  __fbopExit
 .libm.fbopReturnNaN
                  0x0005fe          0x6 e:/program files (x86)/microchip/xc16/v1.25/bin/bin/../../lib\libm-elf.a(futil.eo)
                  0x0005fe                  __fbopReturnNaN
 .libm.mulsf3     0x000604         0x68 e:/program files (x86)/microchip/xc16/v1.25/bin/bin/../../lib\libm-elf.a(mulsf3.eo)
                  0x000604                  ___mulsf3
 .libm.udivsi3    0x00066c         0x20 e:/program files (x86)/microchip/xc16/v1.25/bin/bin/../../lib\libm-elf.a(udivsi3.eo)
                  0x00066c                  ___udivsi3
 .libm.__PplusBdi
                  0x00068c         0x26 e:/program files (x86)/microchip/xc16/v1.25/bin/bin/../../lib\libm-elf.a(divmoddi3.eo)
 .libm.__PminusBdi
                  0x0006b2         0x26 e:/program files (x86)/microchip/xc16/v1.25/bin/bin/../../lib\libm-elf.a(divmoddi3.eo)
 .libm.__udivmoddi3
                  0x0006d8         0xe6 e:/program files (x86)/microchip/xc16/v1.25/bin/bin/../../lib\libm-elf.a(divmoddi3.eo)
                  0x0006d8                  ___udivmoddi3
 .libm.__udivdi3
                  0x0007be          0xe e:/program files (x86)/microchip/xc16/v1.25/bin/bin/../../lib\libm-elf.a(divmoddi3.eo)
                  0x0007be                  ___udivdi3
 .libm.__umoddi3
                  0x0007cc          0x8 e:/program files (x86)/microchip/xc16/v1.25/bin/bin/../../lib\libm-elf.a(divmoddi3.eo)
                  0x0007cc                  ___umoddi3
 .libm.__divdi3
                  0x0007d4         0x60 e:/program files (x86)/microchip/xc16/v1.25/bin/bin/../../lib\libm-elf.a(divmoddi3.eo)
                  0x0007d4                  ___divdi3
 .libm.__moddi3
                  0x000834         0x5c e:/program files (x86)/microchip/xc16/v1.25/bin/bin/../../lib\libm-elf.a(divmoddi3.eo)
                  0x000834                  ___moddi3
 .libm.__muldi3
                  0x000890         0x52 e:/program files (x86)/microchip/xc16/v1.25/bin/bin/../../lib\libm-elf.a(muldi3.eo)
                  0x000890                  ___muldi3
 .libm.fcompare
                  0x0008e2         0x36 e:/program files (x86)/microchip/xc16/v1.25/bin/bin/../../lib\libm-elf.a(fcompare.eo)
                  0x0008e2                  __fcompare
 .libm.floatdisf
                  0x000918         0x20 e:/program files (x86)/microchip/xc16/v1.25/bin/bin/../../lib\libm-elf.a(floatdisf.eo)
                  0x000918                  ___floatdisf
 .libm.floatundisf
                  0x000938         0x5e e:/program files (x86)/microchip/xc16/v1.25/bin/bin/../../lib\libm-elf.a(floatundisf.eo)
                  0x000938                  ___floatundisf
 .libm.umuldi3    0x000996         0x44 e:/program files (x86)/microchip/xc16/v1.25/bin/bin/../../lib\libm-elf.a(umuldi3.eo)
                  0x000996                  ___umuldi3
 .libc.memcpy     0x0009da          0xe e:/program files (x86)/microchip/xc16/v1.25/bin/bin/../../lib\liblega-c-elf.a(memcpy.XXeo)
                  0x0009da                  _memcpy
 .libc.rand       0x0009e8         0x8e e:/program files (x86)/microchip/xc16/v1.25/bin/bin/../../lib\liblega-c-elf.a(rand.XXeo)
                  0x0009e8                  _rand
 .libc._Assert    0x000a76         0x34 e:/program files (x86)/microchip/xc16/v1.25/bin/bin/../../lib\liblega-c-elf.a(xassert.XXeo)
                  0x000a76                  __Assert
 .libc._DNKfflush
                  0x000aaa         0x74 e:/program files (x86)/microchip/xc16/v1.25/bin/bin/../../lib\liblega-c-elf.a(fflush.XXelo)
                  0x000aaa                  __DNKfflush
 .libc.raise      0x000b1e         0x88 e:/program files (x86)/microchip/xc16/v1.25/bin/bin/../../lib\liblega-c-elf.a(raise.XXelo)
                  0x000b1e                  _raise
 .libc.signal     0x000ba6         0x18 e:/program files (x86)/microchip/xc16/v1.25/bin/bin/../../lib\liblega-c-elf.a(signal.XXelo)
                  0x000ba6                  _signal
 .libc.exit       0x000bbe         0x24 e:/program files (x86)/microchip/xc16/v1.25/bin/bin/../../lib\liblega-c-elf.a(exit.XXeo)
                  0x000bbe                  _exit
 .libc.fputs      0x000be2         0x90 e:/program files (x86)/microchip/xc16/v1.25/bin/bin/../../lib\liblega-c-elf.a(fputs.XXeo)
                  0x000be2                  _fputs
 .libc.strlen     0x000c72          0xc e:/program files (x86)/microchip/xc16/v1.25/bin/bin/../../lib\liblega-c-elf.a(strlen.XXeo)
                  0x000c72                  _strlen
 .libc.strrchr    0x000c7e         0x14 e:/program files (x86)/microchip/xc16/v1.25/bin/bin/../../lib\liblega-c-elf.a(strrchr.XXeo)
                  0x000c7e                  _strrchr
 .libc._Fwprep    0x000c92         0x8e e:/program files (x86)/microchip/xc16/v1.25/bin/bin/../../lib\liblega-c-elf.a(xfwprep.XXeo)
                  0x000c92                  __Fwprep
 .libc.closeallreg
                  0x000d20          0x4 e:/program files (x86)/microchip/xc16/v1.25/bin/bin/../../lib\liblega-c-elf.a(fclose.XXelo)
 .libc._Closreg
                  0x000d24         0x12 e:/program files (x86)/microchip/xc16/v1.25/bin/bin/../../lib\liblega-c-elf.a(fclose.XXelo)
                  0x000d24                  __Closreg
 .libc.fclose     0x000d36         0x90 e:/program files (x86)/microchip/xc16/v1.25/bin/bin/../../lib\liblega-c-elf.a(fclose.XXelo)
                  0x000d36                  _fclose
 .libc.closeall
                  0x000dc6         0x20 e:/program files (x86)/microchip/xc16/v1.25/bin/bin/../../lib\liblega-c-elf.a(fclose.XXelo)
                  0x000dc6                  fclose.XXelo:_closeall
 .libc._Atexit    0x000de6         0x18 e:/program files (x86)/microchip/xc16/v1.25/bin/bin/../../lib\liblega-c-elf.a(xatexit.XXelo)
                  0x000de6                  __Atexit
 .libc.free       0x000dfe         0x64 e:/program files (x86)/microchip/xc16/v1.25/bin/bin/../../lib\liblega-c-elf.a(free.XXeo)
                  0x000dfe                  _free
 .libc.findmem    0x000e62         0x66 e:/program files (x86)/microchip/xc16/v1.25/bin/bin/../../lib\liblega-c-elf.a(malloc.XXeo)
 .libc.malloc     0x000ec8         0x54 e:/program files (x86)/microchip/xc16/v1.25/bin/bin/../../lib\liblega-c-elf.a(malloc.XXeo)
                  0x000ec8                  _malloc
 .libc._Getmem    0x000f1c         0x14 e:/program files (x86)/microchip/xc16/v1.25/bin/bin/../../lib\liblega-c-elf.a(xgetmem.XXeo)
                  0x000f1c                  __Getmem
 .libc.doclose    0x000f30          0x4 e:/program files (x86)/microchip/xc16/v1.25/bin/bin/../../lib\liblega-pic30-elf.a(close.Leo)
 .libc.dowrite    0x000f34          0x4 e:/program files (x86)/microchip/xc16/v1.25/bin/bin/../../lib\liblega-pic30-elf.a(write.Leo)
 .libc.doremove
                  0x000f38          0x4 e:/program files (x86)/microchip/xc16/v1.25/bin/bin/../../lib\liblega-pic30-elf.a(remove.Leo)
 .libm.mulsi3     0x000f3c          0xc e:/program files (x86)/microchip/xc16/v1.25/bin/bin/../../lib\libm-elf.a(mulsi3.eo)
                  0x000f3c                  ___mulp32peds3
                  0x000f3c                  ___mulsi3
                  0x000f3c                  ___mulp32eds3

usercode
 *(usercode)

__FBS
 *(__FBS.sec*)

__FSS
 *(__FSS.sec*)

__FGS             0xf80004          0x2
 *(__FGS.sec*)
 __FGS.sec        0xf80004          0x2 build/default/production/_ext/1472/bsp.o

__FOSCSEL         0xf80006          0x2
 *(__FOSCSEL.sec*)
 __FOSCSEL.sec    0xf80006          0x2 build/default/production/_ext/1472/bsp.o

__FOSC            0xf80008          0x2
 *(__FOSC.sec*)
 __FOSC.sec       0xf80008          0x2 build/default/production/_ext/1472/bsp.o

__FWDT            0xf8000a          0x2
 *(__FWDT.sec*)
 __FWDT.sec       0xf8000a          0x2 build/default/production/_ext/1472/bsp.o

__FPOR
 *(__FPOR.sec*)

__FICD
 *(__FICD.sec*)

__FUID0
 *(__FUID0.sec*)

__FUID1
 *(__FUID1.sec*)

__FUID2
 *(__FUID2.sec*)

__FUID3
 *(__FUID3.sec*)

.comment          0x000000         0x5e
 *(.comment)
 .comment         0x000000         0x5e e:/program files (x86)/microchip/xc16/v1.25/bin/bin/../../lib\liblega-c-elf.a(xfiles.XXeo)

.debug_info       0x000000      0x12a19
 *(.debug_info)
 .debug_info      0x000000        0x4cb build/default/production/_ext/1472/app.o
 .debug_info      0x0004cb        0xc22 build/default/production/_ext/1472/bsp.o
 .debug_info      0x0010ed         0x9d build/default/production/_ext/1472/bsp_a.o
 .debug_info      0x00118a       0x1be1 build/default/production/_ext/1472/os_core.o
 .debug_info      0x002d6b         0xa0 build/default/production/_ext/1472/os_cpu_a.o
 .debug_info      0x002e0b        0xb40 build/default/production/_ext/1472/os_cpu_c.o
 .debug_info      0x00394b       0x1541 build/default/production/_ext/1472/os_dbg.o
 .debug_info      0x004e8c        0xf9b build/default/production/_ext/1472/os_flag.o
 .debug_info      0x005e27        0xbd8 build/default/production/_ext/1472/os_mbox.o
 .debug_info      0x0069ff        0x7b3 build/default/production/_ext/1472/os_mem.o
 .debug_info      0x0071b2        0xc96 build/default/production/_ext/1472/os_mutex.o
 .debug_info      0x007e48        0xe51 build/default/production/_ext/1472/os_q.o
 .debug_info      0x008c99        0xb9e build/default/production/_ext/1472/os_sem.o
 .debug_info      0x009837        0xf1a build/default/production/_ext/1472/os_task.o
 .debug_info      0x00a751        0xa04 build/default/production/_ext/1472/os_time.o
 .debug_info      0x00b155        0xe80 build/default/production/_ext/1472/os_tmr.o
 .debug_info      0x00bfd5        0x799 build/default/production/_ext/1472/app_hooks.o
 .debug_info      0x00c76e        0x258 build/default/production/_ext/1472/app_probe.o
 .debug_info      0x00c9c6        0xba5 build/default/production/_ext/1472/os_probe.o
 .debug_info      0x00d56b       0x1017 build/default/production/_ext/1472/probe_com.o
 .debug_info      0x00e582        0x376 build/default/production/_ext/1472/probe_com_os.o
 .debug_info      0x00e8f8        0x529 build/default/production/_ext/1472/lib_mem.o
 .debug_info      0x00ee21        0x6da build/default/production/_ext/1472/lib_str.o
 .debug_info      0x00f4fb        0xa62 build/default/production/_ext/1472/bsp_lcd.o
 .debug_info      0x00ff5d        0x239 build/default/production/_ext/1472/lcd.o
 .debug_info      0x010196        0x2e5 build/default/production/_ext/1472/lcd_os.o
 .debug_info      0x01047b        0x33b build/default/production/_ext/1472/algorithm.o
 .debug_info      0x0107b6        0xf66 build/default/production/_ext/1472/flexmotor.o
 .debug_info      0x01171c        0xcd4 build/default/production/_ext/1472/flextouch.o
 .debug_info      0x0123f0        0x340 build/default/production/_ext/1472/pid_controller.o
 .debug_info      0x012730        0x2e9 build/default/production/_ext/1472/Debouncer.o
 *(.gnu.linkonce.wi.*)

.debug_abbrev     0x000000       0x253f
 *(.debug_abbrev)
 .debug_abbrev    0x000000        0x121 build/default/production/_ext/1472/app.o
 .debug_abbrev    0x000121        0x163 build/default/production/_ext/1472/bsp.o
 .debug_abbrev    0x000284         0x14 build/default/production/_ext/1472/bsp_a.o
 .debug_abbrev    0x000298        0x286 build/default/production/_ext/1472/os_core.o
 .debug_abbrev    0x00051e         0x14 build/default/production/_ext/1472/os_cpu_a.o
 .debug_abbrev    0x000532        0x181 build/default/production/_ext/1472/os_cpu_c.o
 .debug_abbrev    0x0006b3        0x132 build/default/production/_ext/1472/os_dbg.o
 .debug_abbrev    0x0007e5        0x1ce build/default/production/_ext/1472/os_flag.o
 .debug_abbrev    0x0009b3        0x1a9 build/default/production/_ext/1472/os_mbox.o
 .debug_abbrev    0x000b5c        0x1d7 build/default/production/_ext/1472/os_mem.o
 .debug_abbrev    0x000d33        0x1d5 build/default/production/_ext/1472/os_mutex.o
 .debug_abbrev    0x000f08        0x1d1 build/default/production/_ext/1472/os_q.o
 .debug_abbrev    0x0010d9        0x1c0 build/default/production/_ext/1472/os_sem.o
 .debug_abbrev    0x001299        0x1b2 build/default/production/_ext/1472/os_task.o
 .debug_abbrev    0x00144b        0x1a2 build/default/production/_ext/1472/os_time.o
 .debug_abbrev    0x0015ed        0x19a build/default/production/_ext/1472/os_tmr.o
 .debug_abbrev    0x001787         0xdf build/default/production/_ext/1472/app_hooks.o
 .debug_abbrev    0x001866         0x8e build/default/production/_ext/1472/app_probe.o
 .debug_abbrev    0x0018f4        0x1db build/default/production/_ext/1472/os_probe.o
 .debug_abbrev    0x001acf        0x1a2 build/default/production/_ext/1472/probe_com.o
 .debug_abbrev    0x001c71         0xdc build/default/production/_ext/1472/probe_com_os.o
 .debug_abbrev    0x001d4d         0xd2 build/default/production/_ext/1472/lib_mem.o
 .debug_abbrev    0x001e1f         0xf6 build/default/production/_ext/1472/lib_str.o
 .debug_abbrev    0x001f15         0xfa build/default/production/_ext/1472/bsp_lcd.o
 .debug_abbrev    0x00200f         0x85 build/default/production/_ext/1472/lcd.o
 .debug_abbrev    0x002094         0xb4 build/default/production/_ext/1472/lcd_os.o
 .debug_abbrev    0x002148         0xb5 build/default/production/_ext/1472/algorithm.o
 .debug_abbrev    0x0021fd         0xe9 build/default/production/_ext/1472/flexmotor.o
 .debug_abbrev    0x0022e6         0xfe build/default/production/_ext/1472/flextouch.o
 .debug_abbrev    0x0023e4         0xac build/default/production/_ext/1472/pid_controller.o
 .debug_abbrev    0x002490         0xaf build/default/production/_ext/1472/Debouncer.o

.debug_line       0x000000       0x973f
 *(.debug_line)
 .debug_line      0x000000        0x1bf build/default/production/_ext/1472/app.o
 .debug_line      0x0001bf        0x3b3 build/default/production/_ext/1472/bsp.o
 .debug_line      0x000572         0x56 build/default/production/_ext/1472/bsp_a.o
 .debug_line      0x0005c8       0x133e build/default/production/_ext/1472/os_core.o
 .debug_line      0x001906         0x68 build/default/production/_ext/1472/os_cpu_a.o
 .debug_line      0x00196e        0x35d build/default/production/_ext/1472/os_cpu_c.o
 .debug_line      0x001ccb         0x1a build/default/production/_ext/1472/os_cpu_util_a.o
 .debug_line      0x001ce5        0x1ce build/default/production/_ext/1472/os_dbg.o
 .debug_line      0x001eb3        0xd94 build/default/production/_ext/1472/os_flag.o
 .debug_line      0x002c47        0x73c build/default/production/_ext/1472/os_mbox.o
 .debug_line      0x003383        0x43e build/default/production/_ext/1472/os_mem.o
 .debug_line      0x0037c1        0x8db build/default/production/_ext/1472/os_mutex.o
 .debug_line      0x00409c        0xa50 build/default/production/_ext/1472/os_q.o
 .debug_line      0x004aec        0x6d3 build/default/production/_ext/1472/os_sem.o
 .debug_line      0x0051bf        0xac9 build/default/production/_ext/1472/os_task.o
 .debug_line      0x005c88        0x31c build/default/production/_ext/1472/os_time.o
 .debug_line      0x005fa4        0xb15 build/default/production/_ext/1472/os_tmr.o
 .debug_line      0x006ab9        0x11d build/default/production/_ext/1472/app_hooks.o
 .debug_line      0x006bd6         0x9b build/default/production/_ext/1472/app_probe.o
 .debug_line      0x006c71        0x357 build/default/production/_ext/1472/os_probe.o
 .debug_line      0x006fc8        0xc6d build/default/production/_ext/1472/probe_com.o
 .debug_line      0x007c35        0x13b build/default/production/_ext/1472/probe_com_os.o
 .debug_line      0x007d70        0x424 build/default/production/_ext/1472/lib_mem.o
 .debug_line      0x008194        0x906 build/default/production/_ext/1472/lib_str.o
 .debug_line      0x008a9a        0x18b build/default/production/_ext/1472/bsp_lcd.o
 .debug_line      0x008c25        0x141 build/default/production/_ext/1472/lcd.o
 .debug_line      0x008d66         0xba build/default/production/_ext/1472/lcd_os.o
 .debug_line      0x008e20        0x21f build/default/production/_ext/1472/algorithm.o
 .debug_line      0x00903f        0x217 build/default/production/_ext/1472/flexmotor.o
 .debug_line      0x009256        0x243 build/default/production/_ext/1472/flextouch.o
 .debug_line      0x009499        0x11e build/default/production/_ext/1472/pid_controller.o
 .debug_line      0x0095b7        0x188 build/default/production/_ext/1472/Debouncer.o

.debug_frame      0x000000       0x11f8
 *(.debug_frame)
 .debug_frame     0x000000         0xc8 build/default/production/_ext/1472/app.o
 .debug_frame     0x0000c8         0xc4 build/default/production/_ext/1472/bsp.o
 .debug_frame     0x00018c        0x28c build/default/production/_ext/1472/os_core.o
 .debug_frame     0x000418         0xb4 build/default/production/_ext/1472/os_cpu_c.o
 .debug_frame     0x0004cc         0x24 build/default/production/_ext/1472/os_dbg.o
 .debug_frame     0x0004f0         0xe4 build/default/production/_ext/1472/os_flag.o
 .debug_frame     0x0005d4         0x94 build/default/production/_ext/1472/os_mbox.o
 .debug_frame     0x000668         0x84 build/default/production/_ext/1472/os_mem.o
 .debug_frame     0x0006ec         0x84 build/default/production/_ext/1472/os_mutex.o
 .debug_frame     0x000770         0xc4 build/default/production/_ext/1472/os_q.o
 .debug_frame     0x000834         0x94 build/default/production/_ext/1472/os_sem.o
 .debug_frame     0x0008c8         0xc4 build/default/production/_ext/1472/os_task.o
 .debug_frame     0x00098c         0x64 build/default/production/_ext/1472/os_time.o
 .debug_frame     0x0009f0        0x148 build/default/production/_ext/1472/os_tmr.o
 .debug_frame     0x000b38         0x84 build/default/production/_ext/1472/app_hooks.o
 .debug_frame     0x000bbc         0x34 build/default/production/_ext/1472/app_probe.o
 .debug_frame     0x000bf0         0xc8 build/default/production/_ext/1472/os_probe.o
 .debug_frame     0x000cb8        0x164 build/default/production/_ext/1472/probe_com.o
 .debug_frame     0x000e1c         0x54 build/default/production/_ext/1472/probe_com_os.o
 .debug_frame     0x000e70         0x64 build/default/production/_ext/1472/lib_mem.o
 .debug_frame     0x000ed4         0xc4 build/default/production/_ext/1472/lib_str.o
 .debug_frame     0x000f98         0x44 build/default/production/_ext/1472/bsp_lcd.o
 .debug_frame     0x000fdc         0x54 build/default/production/_ext/1472/lcd.o
 .debug_frame     0x001030         0x44 build/default/production/_ext/1472/lcd_os.o
 .debug_frame     0x001074         0x54 build/default/production/_ext/1472/algorithm.o
 .debug_frame     0x0010c8         0x44 build/default/production/_ext/1472/flexmotor.o
 .debug_frame     0x00110c         0x64 build/default/production/_ext/1472/flextouch.o
 .debug_frame     0x001170         0x34 build/default/production/_ext/1472/pid_controller.o
 .debug_frame     0x0011a4         0x54 build/default/production/_ext/1472/Debouncer.o

.debug_str        0x000000        0xc28
 *(.debug_str)
 .debug_str       0x000000         0x1e build/default/production/_ext/1472/app.o
 .debug_str       0x00001e         0x38 build/default/production/_ext/1472/bsp.o
 .debug_str       0x000056        0x15c build/default/production/_ext/1472/os_core.o
 .debug_str       0x0001b2         0x1d build/default/production/_ext/1472/os_cpu_c.o
 .debug_str       0x0001cf        0x3d7 build/default/production/_ext/1472/os_dbg.o
 .debug_str       0x0005a6         0x8b build/default/production/_ext/1472/os_flag.o
 .debug_str       0x000631         0x58 build/default/production/_ext/1472/os_mbox.o
 .debug_str       0x000689         0x30 build/default/production/_ext/1472/os_mem.o
 .debug_str       0x0006b9         0x77 build/default/production/_ext/1472/os_mutex.o
 .debug_str       0x000730         0x64 build/default/production/_ext/1472/os_q.o
 .debug_str       0x000794         0x58 build/default/production/_ext/1472/os_sem.o
 .debug_str       0x0007ec         0x80 build/default/production/_ext/1472/os_task.o
 .debug_str       0x00086c         0x42 build/default/production/_ext/1472/os_time.o
 .debug_str       0x0008ae         0x93 build/default/production/_ext/1472/os_tmr.o
 .debug_str       0x000941         0x92 build/default/production/_ext/1472/os_probe.o
 .debug_str       0x0009d3         0xec build/default/production/_ext/1472/probe_com.o
 .debug_str       0x000abf         0x15 build/default/production/_ext/1472/lib_mem.o
 .debug_str       0x000ad4         0x48 build/default/production/_ext/1472/lib_str.o
 .debug_str       0x000b1c         0x31 build/default/production/_ext/1472/bsp_lcd.o
 .debug_str       0x000b4d         0x55 build/default/production/_ext/1472/flexmotor.o
 .debug_str       0x000ba2         0x57 build/default/production/_ext/1472/flextouch.o
 .debug_str       0x000bf9         0x1b build/default/production/_ext/1472/pid_controller.o
 .debug_str       0x000c14         0x14 build/default/production/_ext/1472/Debouncer.o

.debug_loc
 *(.debug_loc)

.debug_macinfo
 *(.debug_macinfo)

.debug_pubnames
                  0x000000       0x16b0
 *(.debug_pubnames)
 .debug_pubnames
                  0x000000         0x9f build/default/production/_ext/1472/app.o
 .debug_pubnames
                  0x00009f         0xdf build/default/production/_ext/1472/bsp.o
 .debug_pubnames
                  0x00017e        0x484 build/default/production/_ext/1472/os_core.o
 .debug_pubnames
                  0x000602         0xcd build/default/production/_ext/1472/os_cpu_c.o
 .debug_pubnames
                  0x0006cf        0x3b2 build/default/production/_ext/1472/os_dbg.o
 .debug_pubnames
                  0x000a81         0xd0 build/default/production/_ext/1472/os_flag.o
 .debug_pubnames
                  0x000b51         0x96 build/default/production/_ext/1472/os_mbox.o
 .debug_pubnames
                  0x000be7         0x7c build/default/production/_ext/1472/os_mem.o
 .debug_pubnames
                  0x000c63         0x76 build/default/production/_ext/1472/os_mutex.o
 .debug_pubnames
                  0x000cd9         0xa9 build/default/production/_ext/1472/os_q.o
 .debug_pubnames
                  0x000d82         0x8a build/default/production/_ext/1472/os_sem.o
 .debug_pubnames
                  0x000e0c         0xd4 build/default/production/_ext/1472/os_task.o
 .debug_pubnames
                  0x000ee0         0x62 build/default/production/_ext/1472/os_time.o
 .debug_pubnames
                  0x000f42         0xa1 build/default/production/_ext/1472/os_tmr.o
 .debug_pubnames
                  0x000fe3         0xa3 build/default/production/_ext/1472/app_hooks.o
 .debug_pubnames
                  0x001086         0x23 build/default/production/_ext/1472/app_probe.o
 .debug_pubnames
                  0x0010a9        0x13c build/default/production/_ext/1472/os_probe.o
 .debug_pubnames
                  0x0011e5        0x13b build/default/production/_ext/1472/probe_com.o
 .debug_pubnames
                  0x001320         0x65 build/default/production/_ext/1472/probe_com_os.o
 .debug_pubnames
                  0x001385         0x50 build/default/production/_ext/1472/lib_mem.o
 .debug_pubnames
                  0x0013d5         0xa8 build/default/production/_ext/1472/lib_str.o
 .debug_pubnames
                  0x00147d         0x41 build/default/production/_ext/1472/bsp_lcd.o
 .debug_pubnames
                  0x0014be         0x3a build/default/production/_ext/1472/lcd.o
 .debug_pubnames
                  0x0014f8         0x3d build/default/production/_ext/1472/lcd_os.o
 .debug_pubnames
                  0x001535         0x49 build/default/production/_ext/1472/algorithm.o
 .debug_pubnames
                  0x00157e         0x42 build/default/production/_ext/1472/flexmotor.o
 .debug_pubnames
                  0x0015c0         0x5f build/default/production/_ext/1472/flextouch.o
 .debug_pubnames
                  0x00161f         0x38 build/default/production/_ext/1472/pid_controller.o
 .debug_pubnames
                  0x001657         0x59 build/default/production/_ext/1472/Debouncer.o

.debug_ranges
 *(.debug_ranges)

.debug_aranges    0x000000        0x2e8
 *(.debug_aranges)
 .debug_aranges
                  0x000000         0x18 build/default/production/_ext/1472/app.o
 .debug_aranges
                  0x000018         0x18 build/default/production/_ext/1472/bsp.o
 .debug_aranges
                  0x000030         0x18 build/default/production/_ext/1472/bsp_a.o
 .debug_aranges
                  0x000048         0x18 build/default/production/_ext/1472/os_core.o
 .debug_aranges
                  0x000060         0x18 build/default/production/_ext/1472/os_cpu_a.o
 .debug_aranges
                  0x000078         0x18 build/default/production/_ext/1472/os_cpu_c.o
 .debug_aranges
                  0x000090         0x18 build/default/production/_ext/1472/os_dbg.o
 .debug_aranges
                  0x0000a8         0x18 build/default/production/_ext/1472/os_flag.o
 .debug_aranges
                  0x0000c0         0x18 build/default/production/_ext/1472/os_mbox.o
 .debug_aranges
                  0x0000d8         0x18 build/default/production/_ext/1472/os_mem.o
 .debug_aranges
                  0x0000f0         0x18 build/default/production/_ext/1472/os_mutex.o
 .debug_aranges
                  0x000108         0x18 build/default/production/_ext/1472/os_q.o
 .debug_aranges
                  0x000120         0x18 build/default/production/_ext/1472/os_sem.o
 .debug_aranges
                  0x000138         0x18 build/default/production/_ext/1472/os_task.o
 .debug_aranges
                  0x000150         0x18 build/default/production/_ext/1472/os_time.o
 .debug_aranges
                  0x000168         0x18 build/default/production/_ext/1472/os_tmr.o
 .debug_aranges
                  0x000180         0x18 build/default/production/_ext/1472/app_hooks.o
 .debug_aranges
                  0x000198         0x18 build/default/production/_ext/1472/app_probe.o
 .debug_aranges
                  0x0001b0         0x18 build/default/production/_ext/1472/os_probe.o
 .debug_aranges
                  0x0001c8         0x18 build/default/production/_ext/1472/probe_com.o
 .debug_aranges
                  0x0001e0         0x18 build/default/production/_ext/1472/probe_com_os.o
 .debug_aranges
                  0x0001f8         0x18 build/default/production/_ext/1472/lib_mem.o
 .debug_aranges
                  0x000210         0x18 build/default/production/_ext/1472/lib_str.o
 .debug_aranges
                  0x000228         0x18 build/default/production/_ext/1472/bsp_lcd.o
 .debug_aranges
                  0x000240         0x18 build/default/production/_ext/1472/lcd.o
 .debug_aranges
                  0x000258         0x18 build/default/production/_ext/1472/lcd_os.o
 .debug_aranges
                  0x000270         0x18 build/default/production/_ext/1472/algorithm.o
 .debug_aranges
                  0x000288         0x18 build/default/production/_ext/1472/flexmotor.o
 .debug_aranges
                  0x0002a0         0x18 build/default/production/_ext/1472/flextouch.o
 .debug_aranges
                  0x0002b8         0x18 build/default/production/_ext/1472/pid_controller.o
 .debug_aranges
                  0x0002d0         0x18 build/default/production/_ext/1472/Debouncer.o

.ivt              0x000004         0xfc
                  0x000004          0x4 LONG 0x2c2 DEFINED (__ReservedTrap0)?ABSOLUTE (__ReservedTrap0):ABSOLUTE (__DefaultInterrupt)
                  0x000006          0x4 LONG 0x2c2 DEFINED (__OscillatorFail)?ABSOLUTE (__OscillatorFail):ABSOLUTE (__DefaultInterrupt)
                  0x000008          0x4 LONG 0x2c2 DEFINED (__AddressError)?ABSOLUTE (__AddressError):ABSOLUTE (__DefaultInterrupt)
                  0x00000a          0x4 LONG 0x2c2 DEFINED (__StackError)?ABSOLUTE (__StackError):ABSOLUTE (__DefaultInterrupt)
                  0x00000c          0x4 LONG 0x2c2 DEFINED (__MathError)?ABSOLUTE (__MathError):ABSOLUTE (__DefaultInterrupt)
                  0x00000e          0x4 LONG 0x2c2 DEFINED (__DMACError)?ABSOLUTE (__DMACError):ABSOLUTE (__DefaultInterrupt)
                  0x000010          0x4 LONG 0x2c2 DEFINED (__ReservedTrap6)?ABSOLUTE (__ReservedTrap6):ABSOLUTE (__DefaultInterrupt)
                  0x000012          0x4 LONG 0x2c2 DEFINED (__ReservedTrap7)?ABSOLUTE (__ReservedTrap7):ABSOLUTE (__DefaultInterrupt)
                  0x000014          0x4 LONG 0x2c2 DEFINED (__INT0Interrupt)?ABSOLUTE (__INT0Interrupt):ABSOLUTE (__DefaultInterrupt)
                  0x000016          0x4 LONG 0x2c2 DEFINED (__IC1Interrupt)?ABSOLUTE (__IC1Interrupt):ABSOLUTE (__DefaultInterrupt)
                  0x000018          0x4 LONG 0x2c2 DEFINED (__OC1Interrupt)?ABSOLUTE (__OC1Interrupt):ABSOLUTE (__DefaultInterrupt)
                  0x00001a          0x4 LONG 0x2c2 DEFINED (__T1Interrupt)?ABSOLUTE (__T1Interrupt):ABSOLUTE (__DefaultInterrupt)
                  0x00001c          0x4 LONG 0x2c2 DEFINED (__DMA0Interrupt)?ABSOLUTE (__DMA0Interrupt):ABSOLUTE (__DefaultInterrupt)
                  0x00001e          0x4 LONG 0x2c2 DEFINED (__IC2Interrupt)?ABSOLUTE (__IC2Interrupt):ABSOLUTE (__DefaultInterrupt)
                  0x000020          0x4 LONG 0x2c2 DEFINED (__OC2Interrupt)?ABSOLUTE (__OC2Interrupt):ABSOLUTE (__DefaultInterrupt)
                  0x000022          0x4 LONG 0x75bc DEFINED (__T2Interrupt)?ABSOLUTE (__T2Interrupt):ABSOLUTE (__DefaultInterrupt)
                  0x000024          0x4 LONG 0x2c2 DEFINED (__T3Interrupt)?ABSOLUTE (__T3Interrupt):ABSOLUTE (__DefaultInterrupt)
                  0x000026          0x4 LONG 0x2c2 DEFINED (__SPI1ErrInterrupt)?ABSOLUTE (__SPI1ErrInterrupt):ABSOLUTE (__DefaultInterrupt)
                  0x000028          0x4 LONG 0x2c2 DEFINED (__SPI1Interrupt)?ABSOLUTE (__SPI1Interrupt):ABSOLUTE (__DefaultInterrupt)
                  0x00002a          0x4 LONG 0x2c2 DEFINED (__U1RXInterrupt)?ABSOLUTE (__U1RXInterrupt):ABSOLUTE (__DefaultInterrupt)
                  0x00002c          0x4 LONG 0x2c2 DEFINED (__U1TXInterrupt)?ABSOLUTE (__U1TXInterrupt):ABSOLUTE (__DefaultInterrupt)
                  0x00002e          0x4 LONG 0x2c2 DEFINED (__ADC1Interrupt)?ABSOLUTE (__ADC1Interrupt):ABSOLUTE (__DefaultInterrupt)
                  0x000030          0x4 LONG 0x2c2 DEFINED (__DMA1Interrupt)?ABSOLUTE (__DMA1Interrupt):ABSOLUTE (__DefaultInterrupt)
                  0x000032          0x4 LONG 0x2c2 DEFINED (__Interrupt15)?ABSOLUTE (__Interrupt15):ABSOLUTE (__DefaultInterrupt)
                  0x000034          0x4 LONG 0x2c2 DEFINED (__SI2C1Interrupt)?ABSOLUTE (__SI2C1Interrupt):ABSOLUTE (__DefaultInterrupt)
                  0x000036          0x4 LONG 0x2c2 DEFINED (__MI2C1Interrupt)?ABSOLUTE (__MI2C1Interrupt):ABSOLUTE (__DefaultInterrupt)
                  0x000038          0x4 LONG 0x2c2 DEFINED (__CMPInterrupt)?ABSOLUTE (__CMPInterrupt):ABSOLUTE (__DefaultInterrupt)
                  0x00003a          0x4 LONG 0x2c2 DEFINED (__CNInterrupt)?ABSOLUTE (__CNInterrupt):ABSOLUTE (__DefaultInterrupt)
                  0x00003c          0x4 LONG 0x2c2 DEFINED (__INT1Interrupt)?ABSOLUTE (__INT1Interrupt):ABSOLUTE (__DefaultInterrupt)
                  0x00003e          0x4 LONG 0x2c2 DEFINED (__ADC2Interrupt)?ABSOLUTE (__ADC2Interrupt):ABSOLUTE (__DefaultInterrupt)
                  0x000040          0x4 LONG 0x2c2 DEFINED (__IC7Interrupt)?ABSOLUTE (__IC7Interrupt):ABSOLUTE (__DefaultInterrupt)
                  0x000042          0x4 LONG 0x2c2 DEFINED (__IC8Interrupt)?ABSOLUTE (__IC8Interrupt):ABSOLUTE (__DefaultInterrupt)
                  0x000044          0x4 LONG 0x2c2 DEFINED (__DMA2Interrupt)?ABSOLUTE (__DMA2Interrupt):ABSOLUTE (__DefaultInterrupt)
                  0x000046          0x4 LONG 0x2c2 DEFINED (__OC3Interrupt)?ABSOLUTE (__OC3Interrupt):ABSOLUTE (__DefaultInterrupt)
                  0x000048          0x4 LONG 0x2c2 DEFINED (__OC4Interrupt)?ABSOLUTE (__OC4Interrupt):ABSOLUTE (__DefaultInterrupt)
                  0x00004a          0x4 LONG 0x7632 DEFINED (__T4Interrupt)?ABSOLUTE (__T4Interrupt):ABSOLUTE (__DefaultInterrupt)
                  0x00004c          0x4 LONG 0x2c2 DEFINED (__T5Interrupt)?ABSOLUTE (__T5Interrupt):ABSOLUTE (__DefaultInterrupt)
                  0x00004e          0x4 LONG 0x2c2 DEFINED (__INT2Interrupt)?ABSOLUTE (__INT2Interrupt):ABSOLUTE (__DefaultInterrupt)
                  0x000050          0x4 LONG 0x2c2 DEFINED (__U2RXInterrupt)?ABSOLUTE (__U2RXInterrupt):ABSOLUTE (__DefaultInterrupt)
                  0x000052          0x4 LONG 0x2c2 DEFINED (__U2TXInterrupt)?ABSOLUTE (__U2TXInterrupt):ABSOLUTE (__DefaultInterrupt)
                  0x000054          0x4 LONG 0x2c2 DEFINED (__SPI2ErrInterrupt)?ABSOLUTE (__SPI2ErrInterrupt):ABSOLUTE (__DefaultInterrupt)
                  0x000056          0x4 LONG 0x2c2 DEFINED (__SPI2Interrupt)?ABSOLUTE (__SPI2Interrupt):ABSOLUTE (__DefaultInterrupt)
                  0x000058          0x4 LONG 0x2c2 DEFINED (__C1RxRdyInterrupt)?ABSOLUTE (__C1RxRdyInterrupt):ABSOLUTE (__DefaultInterrupt)
                  0x00005a          0x4 LONG 0x2c2 DEFINED (__C1Interrupt)?ABSOLUTE (__C1Interrupt):ABSOLUTE (__DefaultInterrupt)
                  0x00005c          0x4 LONG 0x2c2 DEFINED (__DMA3Interrupt)?ABSOLUTE (__DMA3Interrupt):ABSOLUTE (__DefaultInterrupt)
                  0x00005e          0x4 LONG 0x2c2 DEFINED (__IC3Interrupt)?ABSOLUTE (__IC3Interrupt):ABSOLUTE (__DefaultInterrupt)
                  0x000060          0x4 LONG 0x2c2 DEFINED (__IC4Interrupt)?ABSOLUTE (__IC4Interrupt):ABSOLUTE (__DefaultInterrupt)
                  0x000062          0x4 LONG 0x2c2 DEFINED (__IC5Interrupt)?ABSOLUTE (__IC5Interrupt):ABSOLUTE (__DefaultInterrupt)
                  0x000064          0x4 LONG 0x2c2 DEFINED (__IC6Interrupt)?ABSOLUTE (__IC6Interrupt):ABSOLUTE (__DefaultInterrupt)
                  0x000066          0x4 LONG 0x2c2 DEFINED (__OC5Interrupt)?ABSOLUTE (__OC5Interrupt):ABSOLUTE (__DefaultInterrupt)
                  0x000068          0x4 LONG 0x2c2 DEFINED (__OC6Interrupt)?ABSOLUTE (__OC6Interrupt):ABSOLUTE (__DefaultInterrupt)
                  0x00006a          0x4 LONG 0x2c2 DEFINED (__OC7Interrupt)?ABSOLUTE (__OC7Interrupt):ABSOLUTE (__DefaultInterrupt)
                  0x00006c          0x4 LONG 0x2c2 DEFINED (__OC8Interrupt)?ABSOLUTE (__OC8Interrupt):ABSOLUTE (__DefaultInterrupt)
                  0x00006e          0x4 LONG 0x2c2 DEFINED (__PMPInterrupt)?ABSOLUTE (__PMPInterrupt):ABSOLUTE (__DefaultInterrupt)
                  0x000070          0x4 LONG 0x2c2 DEFINED (__DMA4Interrupt)?ABSOLUTE (__DMA4Interrupt):ABSOLUTE (__DefaultInterrupt)
                  0x000072          0x4 LONG 0x2c2 DEFINED (__T6Interrupt)?ABSOLUTE (__T6Interrupt):ABSOLUTE (__DefaultInterrupt)
                  0x000074          0x4 LONG 0x2c2 DEFINED (__T7Interrupt)?ABSOLUTE (__T7Interrupt):ABSOLUTE (__DefaultInterrupt)
                  0x000076          0x4 LONG 0x2c2 DEFINED (__SI2C2Interrupt)?ABSOLUTE (__SI2C2Interrupt):ABSOLUTE (__DefaultInterrupt)
                  0x000078          0x4 LONG 0x2c2 DEFINED (__MI2C2Interrupt)?ABSOLUTE (__MI2C2Interrupt):ABSOLUTE (__DefaultInterrupt)
                  0x00007a          0x4 LONG 0x2c2 DEFINED (__T8Interrupt)?ABSOLUTE (__T8Interrupt):ABSOLUTE (__DefaultInterrupt)
                  0x00007c          0x4 LONG 0x2c2 DEFINED (__T9Interrupt)?ABSOLUTE (__T9Interrupt):ABSOLUTE (__DefaultInterrupt)
                  0x00007e          0x4 LONG 0x2c2 DEFINED (__INT3Interrupt)?ABSOLUTE (__INT3Interrupt):ABSOLUTE (__DefaultInterrupt)
                  0x000080          0x4 LONG 0x2c2 DEFINED (__INT4Interrupt)?ABSOLUTE (__INT4Interrupt):ABSOLUTE (__DefaultInterrupt)
                  0x000082          0x4 LONG 0x2c2 DEFINED (__C2RxRdyInterrupt)?ABSOLUTE (__C2RxRdyInterrupt):ABSOLUTE (__DefaultInterrupt)
                  0x000084          0x4 LONG 0x2c2 DEFINED (__C2Interrupt)?ABSOLUTE (__C2Interrupt):ABSOLUTE (__DefaultInterrupt)
                  0x000086          0x4 LONG 0x2c2 DEFINED (__PWMInterrupt)?ABSOLUTE (__PWMInterrupt):ABSOLUTE (__DefaultInterrupt)
                  0x000088          0x4 LONG 0x2c2 DEFINED (__QEIInterrupt)?ABSOLUTE (__QEIInterrupt):ABSOLUTE (__DefaultInterrupt)
                  0x00008a          0x4 LONG 0x2c2 DEFINED (__Interrupt59)?ABSOLUTE (__Interrupt59):ABSOLUTE (__DefaultInterrupt)
                  0x00008c          0x4 LONG 0x2c2 DEFINED (__Interrupt60)?ABSOLUTE (__Interrupt60):ABSOLUTE (__DefaultInterrupt)
                  0x00008e          0x4 LONG 0x2c2 DEFINED (__DMA5Interrupt)?ABSOLUTE (__DMA5Interrupt):ABSOLUTE (__DefaultInterrupt)
                  0x000090          0x4 LONG 0x2c2 DEFINED (__Interrupt62)?ABSOLUTE (__Interrupt62):ABSOLUTE (__DefaultInterrupt)
                  0x000092          0x4 LONG 0x2c2 DEFINED (__FLTAInterrupt)?ABSOLUTE (__FLTAInterrupt):ABSOLUTE (__DefaultInterrupt)
                  0x000094          0x4 LONG 0x2c2 DEFINED (__FLTBInterrupt)?ABSOLUTE (__FLTBInterrupt):ABSOLUTE (__DefaultInterrupt)
                  0x000096          0x4 LONG 0x2c2 DEFINED (__U1ErrInterrupt)?ABSOLUTE (__U1ErrInterrupt):ABSOLUTE (__DefaultInterrupt)
                  0x000098          0x4 LONG 0x2c2 DEFINED (__U2ErrInterrupt)?ABSOLUTE (__U2ErrInterrupt):ABSOLUTE (__DefaultInterrupt)
                  0x00009a          0x4 LONG 0x2c2 DEFINED (__CRCInterrupt)?ABSOLUTE (__CRCInterrupt):ABSOLUTE (__DefaultInterrupt)
                  0x00009c          0x4 LONG 0x2c2 DEFINED (__DMA6Interrupt)?ABSOLUTE (__DMA6Interrupt):ABSOLUTE (__DefaultInterrupt)
                  0x00009e          0x4 LONG 0x2c2 DEFINED (__DMA7Interrupt)?ABSOLUTE (__DMA7Interrupt):ABSOLUTE (__DefaultInterrupt)
                  0x0000a0          0x4 LONG 0x2c2 DEFINED (__C1TxReqInterrupt)?ABSOLUTE (__C1TxReqInterrupt):ABSOLUTE (__DefaultInterrupt)
                  0x0000a2          0x4 LONG 0x2c2 DEFINED (__C2TxReqInterrupt)?ABSOLUTE (__C2TxReqInterrupt):ABSOLUTE (__DefaultInterrupt)
                  0x0000a4          0x4 LONG 0x2c2 DEFINED (__Interrupt72)?ABSOLUTE (__Interrupt72):ABSOLUTE (__DefaultInterrupt)
                  0x0000a6          0x4 LONG 0x2c2 DEFINED (__Interrupt73)?ABSOLUTE (__Interrupt73):ABSOLUTE (__DefaultInterrupt)
                  0x0000a8          0x4 LONG 0x2c2 DEFINED (__Interrupt74)?ABSOLUTE (__Interrupt74):ABSOLUTE (__DefaultInterrupt)
                  0x0000aa          0x4 LONG 0x2c2 DEFINED (__Interrupt75)?ABSOLUTE (__Interrupt75):ABSOLUTE (__DefaultInterrupt)
                  0x0000ac          0x4 LONG 0x2c2 DEFINED (__Interrupt76)?ABSOLUTE (__Interrupt76):ABSOLUTE (__DefaultInterrupt)
                  0x0000ae          0x4 LONG 0x2c2 DEFINED (__Interrupt77)?ABSOLUTE (__Interrupt77):ABSOLUTE (__DefaultInterrupt)
                  0x0000b0          0x4 LONG 0x2c2 DEFINED (__Interrupt78)?ABSOLUTE (__Interrupt78):ABSOLUTE (__DefaultInterrupt)
                  0x0000b2          0x4 LONG 0x2c2 DEFINED (__Interrupt79)?ABSOLUTE (__Interrupt79):ABSOLUTE (__DefaultInterrupt)
                  0x0000b4          0x4 LONG 0x2c2 DEFINED (__Interrupt80)?ABSOLUTE (__Interrupt80):ABSOLUTE (__DefaultInterrupt)
                  0x0000b6          0x4 LONG 0x2c2 DEFINED (__Interrupt81)?ABSOLUTE (__Interrupt81):ABSOLUTE (__DefaultInterrupt)
                  0x0000b8          0x4 LONG 0x2c2 DEFINED (__Interrupt82)?ABSOLUTE (__Interrupt82):ABSOLUTE (__DefaultInterrupt)
                  0x0000ba          0x4 LONG 0x2c2 DEFINED (__Interrupt83)?ABSOLUTE (__Interrupt83):ABSOLUTE (__DefaultInterrupt)
                  0x0000bc          0x4 LONG 0x2c2 DEFINED (__Interrupt84)?ABSOLUTE (__Interrupt84):ABSOLUTE (__DefaultInterrupt)
                  0x0000be          0x4 LONG 0x2c2 DEFINED (__Interrupt85)?ABSOLUTE (__Interrupt85):ABSOLUTE (__DefaultInterrupt)
                  0x0000c0          0x4 LONG 0x2c2 DEFINED (__Interrupt86)?ABSOLUTE (__Interrupt86):ABSOLUTE (__DefaultInterrupt)
                  0x0000c2          0x4 LONG 0x2c2 DEFINED (__Interrupt87)?ABSOLUTE (__Interrupt87):ABSOLUTE (__DefaultInterrupt)
                  0x0000c4          0x4 LONG 0x2c2 DEFINED (__Interrupt88)?ABSOLUTE (__Interrupt88):ABSOLUTE (__DefaultInterrupt)
                  0x0000c6          0x4 LONG 0x2c2 DEFINED (__Interrupt89)?ABSOLUTE (__Interrupt89):ABSOLUTE (__DefaultInterrupt)
                  0x0000c8          0x4 LONG 0x2c2 DEFINED (__Interrupt90)?ABSOLUTE (__Interrupt90):ABSOLUTE (__DefaultInterrupt)
                  0x0000ca          0x4 LONG 0x2c2 DEFINED (__Interrupt91)?ABSOLUTE (__Interrupt91):ABSOLUTE (__DefaultInterrupt)
                  0x0000cc          0x4 LONG 0x2c2 DEFINED (__Interrupt92)?ABSOLUTE (__Interrupt92):ABSOLUTE (__DefaultInterrupt)
                  0x0000ce          0x4 LONG 0x2c2 DEFINED (__Interrupt93)?ABSOLUTE (__Interrupt93):ABSOLUTE (__DefaultInterrupt)
                  0x0000d0          0x4 LONG 0x2c2 DEFINED (__Interrupt94)?ABSOLUTE (__Interrupt94):ABSOLUTE (__DefaultInterrupt)
                  0x0000d2          0x4 LONG 0x2c2 DEFINED (__Interrupt95)?ABSOLUTE (__Interrupt95):ABSOLUTE (__DefaultInterrupt)
                  0x0000d4          0x4 LONG 0x2c2 DEFINED (__Interrupt96)?ABSOLUTE (__Interrupt96):ABSOLUTE (__DefaultInterrupt)
                  0x0000d6          0x4 LONG 0x2c2 DEFINED (__Interrupt97)?ABSOLUTE (__Interrupt97):ABSOLUTE (__DefaultInterrupt)
                  0x0000d8          0x4 LONG 0x2c2 DEFINED (__Interrupt98)?ABSOLUTE (__Interrupt98):ABSOLUTE (__DefaultInterrupt)
                  0x0000da          0x4 LONG 0x2c2 DEFINED (__Interrupt99)?ABSOLUTE (__Interrupt99):ABSOLUTE (__DefaultInterrupt)
                  0x0000dc          0x4 LONG 0x2c2 DEFINED (__Interrupt100)?ABSOLUTE (__Interrupt100):ABSOLUTE (__DefaultInterrupt)
                  0x0000de          0x4 LONG 0x2c2 DEFINED (__Interrupt101)?ABSOLUTE (__Interrupt101):ABSOLUTE (__DefaultInterrupt)
                  0x0000e0          0x4 LONG 0x2c2 DEFINED (__Interrupt102)?ABSOLUTE (__Interrupt102):ABSOLUTE (__DefaultInterrupt)
                  0x0000e2          0x4 LONG 0x2c2 DEFINED (__Interrupt103)?ABSOLUTE (__Interrupt103):ABSOLUTE (__DefaultInterrupt)
                  0x0000e4          0x4 LONG 0x2c2 DEFINED (__Interrupt104)?ABSOLUTE (__Interrupt104):ABSOLUTE (__DefaultInterrupt)
                  0x0000e6          0x4 LONG 0x2c2 DEFINED (__Interrupt105)?ABSOLUTE (__Interrupt105):ABSOLUTE (__DefaultInterrupt)
                  0x0000e8          0x4 LONG 0x2c2 DEFINED (__Interrupt106)?ABSOLUTE (__Interrupt106):ABSOLUTE (__DefaultInterrupt)
                  0x0000ea          0x4 LONG 0x2c2 DEFINED (__Interrupt107)?ABSOLUTE (__Interrupt107):ABSOLUTE (__DefaultInterrupt)
                  0x0000ec          0x4 LONG 0x2c2 DEFINED (__Interrupt108)?ABSOLUTE (__Interrupt108):ABSOLUTE (__DefaultInterrupt)
                  0x0000ee          0x4 LONG 0x2c2 DEFINED (__Interrupt109)?ABSOLUTE (__Interrupt109):ABSOLUTE (__DefaultInterrupt)
                  0x0000f0          0x4 LONG 0x2c2 DEFINED (__Interrupt110)?ABSOLUTE (__Interrupt110):ABSOLUTE (__DefaultInterrupt)
                  0x0000f2          0x4 LONG 0x2c2 DEFINED (__Interrupt111)?ABSOLUTE (__Interrupt111):ABSOLUTE (__DefaultInterrupt)
                  0x0000f4          0x4 LONG 0x2c2 DEFINED (__Interrupt112)?ABSOLUTE (__Interrupt112):ABSOLUTE (__DefaultInterrupt)
                  0x0000f6          0x4 LONG 0x2c2 DEFINED (__Interrupt113)?ABSOLUTE (__Interrupt113):ABSOLUTE (__DefaultInterrupt)
                  0x0000f8          0x4 LONG 0x2c2 DEFINED (__Interrupt114)?ABSOLUTE (__Interrupt114):ABSOLUTE (__DefaultInterrupt)
                  0x0000fa          0x4 LONG 0x2c2 DEFINED (__Interrupt115)?ABSOLUTE (__Interrupt115):ABSOLUTE (__DefaultInterrupt)
                  0x0000fc          0x4 LONG 0x2c2 DEFINED (__Interrupt116)?ABSOLUTE (__Interrupt116):ABSOLUTE (__DefaultInterrupt)
                  0x0000fe          0x4 LONG 0x2c2 DEFINED (__Interrupt117)?ABSOLUTE (__Interrupt117):ABSOLUTE (__DefaultInterrupt)

.aivt             0x000104         0xfc
                  0x000104          0x4 LONG 0x2c2 DEFINED (__AltReservedTrap0)?ABSOLUTE (__AltReservedTrap0):DEFINED (__ReservedTrap0)?ABSOLUTE (__ReservedTrap0):ABSOLUTE (__DefaultInterrupt)
                  0x000106          0x4 LONG 0x2c2 DEFINED (__AltOscillatorFail)?ABSOLUTE (__AltOscillatorFail):DEFINED (__OscillatorFail)?ABSOLUTE (__OscillatorFail):ABSOLUTE (__DefaultInterrupt)
                  0x000108          0x4 LONG 0x2c2 DEFINED (__AltAddressError)?ABSOLUTE (__AltAddressError):DEFINED (__AddressError)?ABSOLUTE (__AddressError):ABSOLUTE (__DefaultInterrupt)
                  0x00010a          0x4 LONG 0x2c2 DEFINED (__AltStackError)?ABSOLUTE (__AltStackError):DEFINED (__StackError)?ABSOLUTE (__StackError):ABSOLUTE (__DefaultInterrupt)
                  0x00010c          0x4 LONG 0x2c2 DEFINED (__AltMathError)?ABSOLUTE (__AltMathError):DEFINED (__MathError)?ABSOLUTE (__MathError):ABSOLUTE (__DefaultInterrupt)
                  0x00010e          0x4 LONG 0x2c2 DEFINED (__AltDMACError)?ABSOLUTE (__AltDMACError):DEFINED (__DMACError)?ABSOLUTE (__DMACError):ABSOLUTE (__DefaultInterrupt)
                  0x000110          0x4 LONG 0x2c2 DEFINED (__AltReservedTrap6)?ABSOLUTE (__AltReservedTrap6):DEFINED (__ReservedTrap6)?ABSOLUTE (__ReservedTrap6):ABSOLUTE (__DefaultInterrupt)
                  0x000112          0x4 LONG 0x2c2 DEFINED (__AltReservedTrap7)?ABSOLUTE (__AltReservedTrap7):DEFINED (__ReservedTrap7)?ABSOLUTE (__ReservedTrap7):ABSOLUTE (__DefaultInterrupt)
                  0x000114          0x4 LONG 0x2c2 DEFINED (__AltINT0Interrupt)?ABSOLUTE (__AltINT0Interrupt):DEFINED (__INT0Interrupt)?ABSOLUTE (__INT0Interrupt):ABSOLUTE (__DefaultInterrupt)
                  0x000116          0x4 LONG 0x2c2 DEFINED (__AltIC1Interrupt)?ABSOLUTE (__AltIC1Interrupt):DEFINED (__IC1Interrupt)?ABSOLUTE (__IC1Interrupt):ABSOLUTE (__DefaultInterrupt)
                  0x000118          0x4 LONG 0x2c2 DEFINED (__AltOC1Interrupt)?ABSOLUTE (__AltOC1Interrupt):DEFINED (__OC1Interrupt)?ABSOLUTE (__OC1Interrupt):ABSOLUTE (__DefaultInterrupt)
                  0x00011a          0x4 LONG 0x2c2 DEFINED (__AltT1Interrupt)?ABSOLUTE (__AltT1Interrupt):DEFINED (__T1Interrupt)?ABSOLUTE (__T1Interrupt):ABSOLUTE (__DefaultInterrupt)
                  0x00011c          0x4 LONG 0x2c2 DEFINED (__AltDMA0Interrupt)?ABSOLUTE (__AltDMA0Interrupt):DEFINED (__DMA0Interrupt)?ABSOLUTE (__DMA0Interrupt):ABSOLUTE (__DefaultInterrupt)
                  0x00011e          0x4 LONG 0x2c2 DEFINED (__AltIC2Interrupt)?ABSOLUTE (__AltIC2Interrupt):DEFINED (__IC2Interrupt)?ABSOLUTE (__IC2Interrupt):ABSOLUTE (__DefaultInterrupt)
                  0x000120          0x4 LONG 0x2c2 DEFINED (__AltOC2Interrupt)?ABSOLUTE (__AltOC2Interrupt):DEFINED (__OC2Interrupt)?ABSOLUTE (__OC2Interrupt):ABSOLUTE (__DefaultInterrupt)
                  0x000122          0x4 LONG 0x75bc DEFINED (__AltT2Interrupt)?ABSOLUTE (__AltT2Interrupt):DEFINED (__T2Interrupt)?ABSOLUTE (__T2Interrupt):ABSOLUTE (__DefaultInterrupt)
                  0x000124          0x4 LONG 0x2c2 DEFINED (__AltT3Interrupt)?ABSOLUTE (__AltT3Interrupt):DEFINED (__T3Interrupt)?ABSOLUTE (__T3Interrupt):ABSOLUTE (__DefaultInterrupt)
                  0x000126          0x4 LONG 0x2c2 DEFINED (__AltSPI1ErrInterrupt)?ABSOLUTE (__AltSPI1ErrInterrupt):DEFINED (__SPI1ErrInterrupt)?ABSOLUTE (__SPI1ErrInterrupt):ABSOLUTE (__DefaultInterrupt)
                  0x000128          0x4 LONG 0x2c2 DEFINED (__AltSPI1Interrupt)?ABSOLUTE (__AltSPI1Interrupt):DEFINED (__SPI1Interrupt)?ABSOLUTE (__SPI1Interrupt):ABSOLUTE (__DefaultInterrupt)
                  0x00012a          0x4 LONG 0x2c2 DEFINED (__AltU1RXInterrupt)?ABSOLUTE (__AltU1RXInterrupt):DEFINED (__U1RXInterrupt)?ABSOLUTE (__U1RXInterrupt):ABSOLUTE (__DefaultInterrupt)
                  0x00012c          0x4 LONG 0x2c2 DEFINED (__AltU1TXInterrupt)?ABSOLUTE (__AltU1TXInterrupt):DEFINED (__U1TXInterrupt)?ABSOLUTE (__U1TXInterrupt):ABSOLUTE (__DefaultInterrupt)
                  0x00012e          0x4 LONG 0x2c2 DEFINED (__AltADC1Interrupt)?ABSOLUTE (__AltADC1Interrupt):DEFINED (__ADC1Interrupt)?ABSOLUTE (__ADC1Interrupt):ABSOLUTE (__DefaultInterrupt)
                  0x000130          0x4 LONG 0x2c2 DEFINED (__AltDMA1Interrupt)?ABSOLUTE (__AltDMA1Interrupt):DEFINED (__DMA1Interrupt)?ABSOLUTE (__DMA1Interrupt):ABSOLUTE (__DefaultInterrupt)
                  0x000132          0x4 LONG 0x2c2 DEFINED (__AltInterrupt15)?ABSOLUTE (__AltInterrupt15):DEFINED (__Interrupt15)?ABSOLUTE (__Interrupt15):ABSOLUTE (__DefaultInterrupt)
                  0x000134          0x4 LONG 0x2c2 DEFINED (__AltSI2C1Interrupt)?ABSOLUTE (__AltSI2C1Interrupt):DEFINED (__SI2C1Interrupt)?ABSOLUTE (__SI2C1Interrupt):ABSOLUTE (__DefaultInterrupt)
                  0x000136          0x4 LONG 0x2c2 DEFINED (__AltMI2C1Interrupt)?ABSOLUTE (__AltMI2C1Interrupt):DEFINED (__MI2C1Interrupt)?ABSOLUTE (__MI2C1Interrupt):ABSOLUTE (__DefaultInterrupt)
                  0x000138          0x4 LONG 0x2c2 DEFINED (__AltCMPInterrupt)?ABSOLUTE (__AltCMPInterrupt):DEFINED (__CMPInterrupt)?ABSOLUTE (__CMPInterrupt):ABSOLUTE (__DefaultInterrupt)
                  0x00013a          0x4 LONG 0x2c2 DEFINED (__AltCNInterrupt)?ABSOLUTE (__AltCNInterrupt):DEFINED (__CNInterrupt)?ABSOLUTE (__CNInterrupt):ABSOLUTE (__DefaultInterrupt)
                  0x00013c          0x4 LONG 0x2c2 DEFINED (__AltINT1Interrupt)?ABSOLUTE (__AltINT1Interrupt):DEFINED (__INT1Interrupt)?ABSOLUTE (__INT1Interrupt):ABSOLUTE (__DefaultInterrupt)
                  0x00013e          0x4 LONG 0x2c2 DEFINED (__AltADC2Interrupt)?ABSOLUTE (__AltADC2Interrupt):DEFINED (__ADC2Interrupt)?ABSOLUTE (__ADC2Interrupt):ABSOLUTE (__DefaultInterrupt)
                  0x000140          0x4 LONG 0x2c2 DEFINED (__AltIC7Interrupt)?ABSOLUTE (__AltIC7Interrupt):DEFINED (__IC7Interrupt)?ABSOLUTE (__IC7Interrupt):ABSOLUTE (__DefaultInterrupt)
                  0x000142          0x4 LONG 0x2c2 DEFINED (__AltIC8Interrupt)?ABSOLUTE (__AltIC8Interrupt):DEFINED (__IC8Interrupt)?ABSOLUTE (__IC8Interrupt):ABSOLUTE (__DefaultInterrupt)
                  0x000144          0x4 LONG 0x2c2 DEFINED (__AltDMA2Interrupt)?ABSOLUTE (__AltDMA2Interrupt):DEFINED (__DMA2Interrupt)?ABSOLUTE (__DMA2Interrupt):ABSOLUTE (__DefaultInterrupt)
                  0x000146          0x4 LONG 0x2c2 DEFINED (__AltOC3Interrupt)?ABSOLUTE (__AltOC3Interrupt):DEFINED (__OC3Interrupt)?ABSOLUTE (__OC3Interrupt):ABSOLUTE (__DefaultInterrupt)
                  0x000148          0x4 LONG 0x2c2 DEFINED (__AltOC4Interrupt)?ABSOLUTE (__AltOC4Interrupt):DEFINED (__OC4Interrupt)?ABSOLUTE (__OC4Interrupt):ABSOLUTE (__DefaultInterrupt)
                  0x00014a          0x4 LONG 0x7632 DEFINED (__AltT4Interrupt)?ABSOLUTE (__AltT4Interrupt):DEFINED (__T4Interrupt)?ABSOLUTE (__T4Interrupt):ABSOLUTE (__DefaultInterrupt)
                  0x00014c          0x4 LONG 0x2c2 DEFINED (__AltT5Interrupt)?ABSOLUTE (__AltT5Interrupt):DEFINED (__T5Interrupt)?ABSOLUTE (__T5Interrupt):ABSOLUTE (__DefaultInterrupt)
                  0x00014e          0x4 LONG 0x2c2 DEFINED (__AltINT2Interrupt)?ABSOLUTE (__AltINT2Interrupt):DEFINED (__INT2Interrupt)?ABSOLUTE (__INT2Interrupt):ABSOLUTE (__DefaultInterrupt)
                  0x000150          0x4 LONG 0x2c2 DEFINED (__AltU2RXInterrupt)?ABSOLUTE (__AltU2RXInterrupt):DEFINED (__U2RXInterrupt)?ABSOLUTE (__U2RXInterrupt):ABSOLUTE (__DefaultInterrupt)
                  0x000152          0x4 LONG 0x2c2 DEFINED (__AltU2TXInterrupt)?ABSOLUTE (__AltU2TXInterrupt):DEFINED (__U2TXInterrupt)?ABSOLUTE (__U2TXInterrupt):ABSOLUTE (__DefaultInterrupt)
                  0x000154          0x4 LONG 0x2c2 DEFINED (__AltSPI2ErrInterrupt)?ABSOLUTE (__AltSPI2ErrInterrupt):DEFINED (__SPI2ErrInterrupt)?ABSOLUTE (__SPI2ErrInterrupt):ABSOLUTE (__DefaultInterrupt)
                  0x000156          0x4 LONG 0x2c2 DEFINED (__AltSPI2Interrupt)?ABSOLUTE (__AltSPI2Interrupt):DEFINED (__SPI2Interrupt)?ABSOLUTE (__SPI2Interrupt):ABSOLUTE (__DefaultInterrupt)
                  0x000158          0x4 LONG 0x2c2 DEFINED (__AltC1RxRdyInterrupt)?ABSOLUTE (__AltC1RxRdyInterrupt):DEFINED (__C1RxRdyInterrupt)?ABSOLUTE (__C1RxRdyInterrupt):ABSOLUTE (__DefaultInterrupt)
                  0x00015a          0x4 LONG 0x2c2 DEFINED (__AltC1Interrupt)?ABSOLUTE (__AltC1Interrupt):DEFINED (__C1Interrupt)?ABSOLUTE (__C1Interrupt):ABSOLUTE (__DefaultInterrupt)
                  0x00015c          0x4 LONG 0x2c2 DEFINED (__AltDMA3Interrupt)?ABSOLUTE (__AltDMA3Interrupt):DEFINED (__DMA3Interrupt)?ABSOLUTE (__DMA3Interrupt):ABSOLUTE (__DefaultInterrupt)
                  0x00015e          0x4 LONG 0x2c2 DEFINED (__AltIC3Interrupt)?ABSOLUTE (__AltIC3Interrupt):DEFINED (__IC3Interrupt)?ABSOLUTE (__IC3Interrupt):ABSOLUTE (__DefaultInterrupt)
                  0x000160          0x4 LONG 0x2c2 DEFINED (__AltIC4Interrupt)?ABSOLUTE (__AltIC4Interrupt):DEFINED (__IC4Interrupt)?ABSOLUTE (__IC4Interrupt):ABSOLUTE (__DefaultInterrupt)
                  0x000162          0x4 LONG 0x2c2 DEFINED (__AltIC5Interrupt)?ABSOLUTE (__AltIC5Interrupt):DEFINED (__IC5Interrupt)?ABSOLUTE (__IC5Interrupt):ABSOLUTE (__DefaultInterrupt)
                  0x000164          0x4 LONG 0x2c2 DEFINED (__AltIC6Interrupt)?ABSOLUTE (__AltIC6Interrupt):DEFINED (__IC6Interrupt)?ABSOLUTE (__IC6Interrupt):ABSOLUTE (__DefaultInterrupt)
                  0x000166          0x4 LONG 0x2c2 DEFINED (__AltOC5Interrupt)?ABSOLUTE (__AltOC5Interrupt):DEFINED (__OC5Interrupt)?ABSOLUTE (__OC5Interrupt):ABSOLUTE (__DefaultInterrupt)
                  0x000168          0x4 LONG 0x2c2 DEFINED (__AltOC6Interrupt)?ABSOLUTE (__AltOC6Interrupt):DEFINED (__OC6Interrupt)?ABSOLUTE (__OC6Interrupt):ABSOLUTE (__DefaultInterrupt)
                  0x00016a          0x4 LONG 0x2c2 DEFINED (__AltOC7Interrupt)?ABSOLUTE (__AltOC7Interrupt):DEFINED (__OC7Interrupt)?ABSOLUTE (__OC7Interrupt):ABSOLUTE (__DefaultInterrupt)
                  0x00016c          0x4 LONG 0x2c2 DEFINED (__AltOC8Interrupt)?ABSOLUTE (__AltOC8Interrupt):DEFINED (__OC8Interrupt)?ABSOLUTE (__OC8Interrupt):ABSOLUTE (__DefaultInterrupt)
                  0x00016e          0x4 LONG 0x2c2 DEFINED (__AltPMPInterrupt)?ABSOLUTE (__AltPMPInterrupt):DEFINED (__PMPInterrupt)?ABSOLUTE (__PMPInterrupt):ABSOLUTE (__DefaultInterrupt)
                  0x000170          0x4 LONG 0x2c2 DEFINED (__AltDMA4Interrupt)?ABSOLUTE (__AltDMA4Interrupt):DEFINED (__DMA4Interrupt)?ABSOLUTE (__DMA4Interrupt):ABSOLUTE (__DefaultInterrupt)
                  0x000172          0x4 LONG 0x2c2 DEFINED (__AltT6Interrupt)?ABSOLUTE (__AltT6Interrupt):DEFINED (__T6Interrupt)?ABSOLUTE (__T6Interrupt):ABSOLUTE (__DefaultInterrupt)
                  0x000174          0x4 LONG 0x2c2 DEFINED (__AltT7Interrupt)?ABSOLUTE (__AltT7Interrupt):DEFINED (__T7Interrupt)?ABSOLUTE (__T7Interrupt):ABSOLUTE (__DefaultInterrupt)
                  0x000176          0x4 LONG 0x2c2 DEFINED (__AltSI2C2Interrupt)?ABSOLUTE (__AltSI2C2Interrupt):DEFINED (__SI2C2Interrupt)?ABSOLUTE (__SI2C2Interrupt):ABSOLUTE (__DefaultInterrupt)
                  0x000178          0x4 LONG 0x2c2 DEFINED (__AltMI2C2Interrupt)?ABSOLUTE (__AltMI2C2Interrupt):DEFINED (__MI2C2Interrupt)?ABSOLUTE (__MI2C2Interrupt):ABSOLUTE (__DefaultInterrupt)
                  0x00017a          0x4 LONG 0x2c2 DEFINED (__AltT8Interrupt)?ABSOLUTE (__AltT8Interrupt):DEFINED (__T8Interrupt)?ABSOLUTE (__T8Interrupt):ABSOLUTE (__DefaultInterrupt)
                  0x00017c          0x4 LONG 0x2c2 DEFINED (__AltT9Interrupt)?ABSOLUTE (__AltT9Interrupt):DEFINED (__T9Interrupt)?ABSOLUTE (__T9Interrupt):ABSOLUTE (__DefaultInterrupt)
                  0x00017e          0x4 LONG 0x2c2 DEFINED (__AltINT3Interrupt)?ABSOLUTE (__AltINT3Interrupt):DEFINED (__INT3Interrupt)?ABSOLUTE (__INT3Interrupt):ABSOLUTE (__DefaultInterrupt)
                  0x000180          0x4 LONG 0x2c2 DEFINED (__AltINT4Interrupt)?ABSOLUTE (__AltINT4Interrupt):DEFINED (__INT4Interrupt)?ABSOLUTE (__INT4Interrupt):ABSOLUTE (__DefaultInterrupt)
                  0x000182          0x4 LONG 0x2c2 DEFINED (__AltC2RxRdyInterrupt)?ABSOLUTE (__AltC2RxRdyInterrupt):DEFINED (__C2RxRdyInterrupt)?ABSOLUTE (__C2RxRdyInterrupt):ABSOLUTE (__DefaultInterrupt)
                  0x000184          0x4 LONG 0x2c2 DEFINED (__AltC2Interrupt)?ABSOLUTE (__AltC2Interrupt):DEFINED (__C2Interrupt)?ABSOLUTE (__C2Interrupt):ABSOLUTE (__DefaultInterrupt)
                  0x000186          0x4 LONG 0x2c2 DEFINED (__AltPWMInterrupt)?ABSOLUTE (__AltPWMInterrupt):DEFINED (__PWMInterrupt)?ABSOLUTE (__PWMInterrupt):ABSOLUTE (__DefaultInterrupt)
                  0x000188          0x4 LONG 0x2c2 DEFINED (__AltQEIInterrupt)?ABSOLUTE (__AltQEIInterrupt):DEFINED (__QEIInterrupt)?ABSOLUTE (__QEIInterrupt):ABSOLUTE (__DefaultInterrupt)
                  0x00018a          0x4 LONG 0x2c2 DEFINED (__AltInterrupt59)?ABSOLUTE (__AltInterrupt59):DEFINED (__Interrupt59)?ABSOLUTE (__Interrupt59):ABSOLUTE (__DefaultInterrupt)
                  0x00018c          0x4 LONG 0x2c2 DEFINED (__AltInterrupt60)?ABSOLUTE (__AltInterrupt60):DEFINED (__Interrupt60)?ABSOLUTE (__Interrupt60):ABSOLUTE (__DefaultInterrupt)
                  0x00018e          0x4 LONG 0x2c2 DEFINED (__AltDMA5Interrupt)?ABSOLUTE (__AltDMA5Interrupt):DEFINED (__DMA5Interrupt)?ABSOLUTE (__DMA5Interrupt):ABSOLUTE (__DefaultInterrupt)
                  0x000190          0x4 LONG 0x2c2 DEFINED (__AltInterrupt62)?ABSOLUTE (__AltInterrupt62):DEFINED (__Interrupt62)?ABSOLUTE (__Interrupt62):ABSOLUTE (__DefaultInterrupt)
                  0x000192          0x4 LONG 0x2c2 DEFINED (__AltFLTAInterrupt)?ABSOLUTE (__AltFLTAInterrupt):DEFINED (__FLTAInterrupt)?ABSOLUTE (__FLTAInterrupt):ABSOLUTE (__DefaultInterrupt)
                  0x000194          0x4 LONG 0x2c2 DEFINED (__AltFLTBInterrupt)?ABSOLUTE (__AltFLTBInterrupt):DEFINED (__FLTBInterrupt)?ABSOLUTE (__FLTBInterrupt):ABSOLUTE (__DefaultInterrupt)
                  0x000196          0x4 LONG 0x2c2 DEFINED (__AltU1ErrInterrupt)?ABSOLUTE (__AltU1ErrInterrupt):DEFINED (__U1ErrInterrupt)?ABSOLUTE (__U1ErrInterrupt):ABSOLUTE (__DefaultInterrupt)
                  0x000198          0x4 LONG 0x2c2 DEFINED (__AltU2ErrInterrupt)?ABSOLUTE (__AltU2ErrInterrupt):DEFINED (__U2ErrInterrupt)?ABSOLUTE (__U2ErrInterrupt):ABSOLUTE (__DefaultInterrupt)
                  0x00019a          0x4 LONG 0x2c2 DEFINED (__AltCRCInterrupt)?ABSOLUTE (__AltCRCInterrupt):DEFINED (__CRCInterrupt)?ABSOLUTE (__CRCInterrupt):ABSOLUTE (__DefaultInterrupt)
                  0x00019c          0x4 LONG 0x2c2 DEFINED (__AltDMA6Interrupt)?ABSOLUTE (__AltDMA6Interrupt):DEFINED (__DMA6Interrupt)?ABSOLUTE (__DMA6Interrupt):ABSOLUTE (__DefaultInterrupt)
                  0x00019e          0x4 LONG 0x2c2 DEFINED (__AltDMA7Interrupt)?ABSOLUTE (__AltDMA7Interrupt):DEFINED (__DMA7Interrupt)?ABSOLUTE (__DMA7Interrupt):ABSOLUTE (__DefaultInterrupt)
                  0x0001a0          0x4 LONG 0x2c2 DEFINED (__AltC1TxReqInterrupt)?ABSOLUTE (__AltC1TxReqInterrupt):DEFINED (__C1TxReqInterrupt)?ABSOLUTE (__C1TxReqInterrupt):ABSOLUTE (__DefaultInterrupt)
                  0x0001a2          0x4 LONG 0x2c2 DEFINED (__AltC2TxReqInterrupt)?ABSOLUTE (__AltC2TxReqInterrupt):DEFINED (__C2TxReqInterrupt)?ABSOLUTE (__C2TxReqInterrupt):ABSOLUTE (__DefaultInterrupt)
                  0x0001a4          0x4 LONG 0x2c2 DEFINED (__AltInterrupt72)?ABSOLUTE (__AltInterrupt72):DEFINED (__Interrupt72)?ABSOLUTE (__Interrupt72):ABSOLUTE (__DefaultInterrupt)
                  0x0001a6          0x4 LONG 0x2c2 DEFINED (__AltInterrupt73)?ABSOLUTE (__AltInterrupt73):DEFINED (__Interrupt73)?ABSOLUTE (__Interrupt73):ABSOLUTE (__DefaultInterrupt)
                  0x0001a8          0x4 LONG 0x2c2 DEFINED (__AltInterrupt74)?ABSOLUTE (__AltInterrupt74):DEFINED (__Interrupt74)?ABSOLUTE (__Interrupt74):ABSOLUTE (__DefaultInterrupt)
                  0x0001aa          0x4 LONG 0x2c2 DEFINED (__AltInterrupt75)?ABSOLUTE (__AltInterrupt75):DEFINED (__Interrupt75)?ABSOLUTE (__Interrupt75):ABSOLUTE (__DefaultInterrupt)
                  0x0001ac          0x4 LONG 0x2c2 DEFINED (__AltInterrupt76)?ABSOLUTE (__AltInterrupt76):DEFINED (__Interrupt76)?ABSOLUTE (__Interrupt76):ABSOLUTE (__DefaultInterrupt)
                  0x0001ae          0x4 LONG 0x2c2 DEFINED (__AltInterrupt77)?ABSOLUTE (__AltInterrupt77):DEFINED (__Interrupt77)?ABSOLUTE (__Interrupt77):ABSOLUTE (__DefaultInterrupt)
                  0x0001b0          0x4 LONG 0x2c2 DEFINED (__AltInterrupt78)?ABSOLUTE (__AltInterrupt78):DEFINED (__Interrupt78)?ABSOLUTE (__Interrupt78):ABSOLUTE (__DefaultInterrupt)
                  0x0001b2          0x4 LONG 0x2c2 DEFINED (__AltInterrupt79)?ABSOLUTE (__AltInterrupt79):DEFINED (__Interrupt79)?ABSOLUTE (__Interrupt79):ABSOLUTE (__DefaultInterrupt)
                  0x0001b4          0x4 LONG 0x2c2 DEFINED (__AltInterrupt80)?ABSOLUTE (__AltInterrupt80):DEFINED (__Interrupt80)?ABSOLUTE (__Interrupt80):ABSOLUTE (__DefaultInterrupt)
                  0x0001b6          0x4 LONG 0x2c2 DEFINED (__AltInterrupt81)?ABSOLUTE (__AltInterrupt81):DEFINED (__Interrupt81)?ABSOLUTE (__Interrupt81):ABSOLUTE (__DefaultInterrupt)
                  0x0001b8          0x4 LONG 0x2c2 DEFINED (__AltInterrupt82)?ABSOLUTE (__AltInterrupt82):DEFINED (__Interrupt82)?ABSOLUTE (__Interrupt82):ABSOLUTE (__DefaultInterrupt)
                  0x0001ba          0x4 LONG 0x2c2 DEFINED (__AltInterrupt83)?ABSOLUTE (__AltInterrupt83):DEFINED (__Interrupt83)?ABSOLUTE (__Interrupt83):ABSOLUTE (__DefaultInterrupt)
                  0x0001bc          0x4 LONG 0x2c2 DEFINED (__AltInterrupt84)?ABSOLUTE (__AltInterrupt84):DEFINED (__Interrupt84)?ABSOLUTE (__Interrupt84):ABSOLUTE (__DefaultInterrupt)
                  0x0001be          0x4 LONG 0x2c2 DEFINED (__AltInterrupt85)?ABSOLUTE (__AltInterrupt85):DEFINED (__Interrupt85)?ABSOLUTE (__Interrupt85):ABSOLUTE (__DefaultInterrupt)
                  0x0001c0          0x4 LONG 0x2c2 DEFINED (__AltInterrupt86)?ABSOLUTE (__AltInterrupt86):DEFINED (__Interrupt86)?ABSOLUTE (__Interrupt86):ABSOLUTE (__DefaultInterrupt)
                  0x0001c2          0x4 LONG 0x2c2 DEFINED (__AltInterrupt87)?ABSOLUTE (__AltInterrupt87):DEFINED (__Interrupt87)?ABSOLUTE (__Interrupt87):ABSOLUTE (__DefaultInterrupt)
                  0x0001c4          0x4 LONG 0x2c2 DEFINED (__AltInterrupt88)?ABSOLUTE (__AltInterrupt88):DEFINED (__Interrupt88)?ABSOLUTE (__Interrupt88):ABSOLUTE (__DefaultInterrupt)
                  0x0001c6          0x4 LONG 0x2c2 DEFINED (__AltInterrupt89)?ABSOLUTE (__AltInterrupt89):DEFINED (__Interrupt89)?ABSOLUTE (__Interrupt89):ABSOLUTE (__DefaultInterrupt)
                  0x0001c8          0x4 LONG 0x2c2 DEFINED (__AltInterrupt90)?ABSOLUTE (__AltInterrupt90):DEFINED (__Interrupt90)?ABSOLUTE (__Interrupt90):ABSOLUTE (__DefaultInterrupt)
                  0x0001ca          0x4 LONG 0x2c2 DEFINED (__AltInterrupt91)?ABSOLUTE (__AltInterrupt91):DEFINED (__Interrupt91)?ABSOLUTE (__Interrupt91):ABSOLUTE (__DefaultInterrupt)
                  0x0001cc          0x4 LONG 0x2c2 DEFINED (__AltInterrupt92)?ABSOLUTE (__AltInterrupt92):DEFINED (__Interrupt92)?ABSOLUTE (__Interrupt92):ABSOLUTE (__DefaultInterrupt)
                  0x0001ce          0x4 LONG 0x2c2 DEFINED (__AltInterrupt93)?ABSOLUTE (__AltInterrupt93):DEFINED (__Interrupt93)?ABSOLUTE (__Interrupt93):ABSOLUTE (__DefaultInterrupt)
                  0x0001d0          0x4 LONG 0x2c2 DEFINED (__AltInterrupt94)?ABSOLUTE (__AltInterrupt94):DEFINED (__Interrupt94)?ABSOLUTE (__Interrupt94):ABSOLUTE (__DefaultInterrupt)
                  0x0001d2          0x4 LONG 0x2c2 DEFINED (__AltInterrupt95)?ABSOLUTE (__AltInterrupt95):DEFINED (__Interrupt95)?ABSOLUTE (__Interrupt95):ABSOLUTE (__DefaultInterrupt)
                  0x0001d4          0x4 LONG 0x2c2 DEFINED (__AltInterrupt96)?ABSOLUTE (__AltInterrupt96):DEFINED (__Interrupt96)?ABSOLUTE (__Interrupt96):ABSOLUTE (__DefaultInterrupt)
                  0x0001d6          0x4 LONG 0x2c2 DEFINED (__AltInterrupt97)?ABSOLUTE (__AltInterrupt97):DEFINED (__Interrupt97)?ABSOLUTE (__Interrupt97):ABSOLUTE (__DefaultInterrupt)
                  0x0001d8          0x4 LONG 0x2c2 DEFINED (__AltInterrupt98)?ABSOLUTE (__AltInterrupt98):DEFINED (__Interrupt98)?ABSOLUTE (__Interrupt98):ABSOLUTE (__DefaultInterrupt)
                  0x0001da          0x4 LONG 0x2c2 DEFINED (__AltInterrupt99)?ABSOLUTE (__AltInterrupt99):DEFINED (__Interrupt99)?ABSOLUTE (__Interrupt99):ABSOLUTE (__DefaultInterrupt)
                  0x0001dc          0x4 LONG 0x2c2 DEFINED (__AltInterrupt100)?ABSOLUTE (__AltInterrupt100):DEFINED (__Interrupt100)?ABSOLUTE (__Interrupt100):ABSOLUTE (__DefaultInterrupt)
                  0x0001de          0x4 LONG 0x2c2 DEFINED (__AltInterrupt101)?ABSOLUTE (__AltInterrupt101):DEFINED (__Interrupt101)?ABSOLUTE (__Interrupt101):ABSOLUTE (__DefaultInterrupt)
                  0x0001e0          0x4 LONG 0x2c2 DEFINED (__AltInterrupt102)?ABSOLUTE (__AltInterrupt102):DEFINED (__Interrupt102)?ABSOLUTE (__Interrupt102):ABSOLUTE (__DefaultInterrupt)
                  0x0001e2          0x4 LONG 0x2c2 DEFINED (__AltInterrupt103)?ABSOLUTE (__AltInterrupt103):DEFINED (__Interrupt103)?ABSOLUTE (__Interrupt103):ABSOLUTE (__DefaultInterrupt)
                  0x0001e4          0x4 LONG 0x2c2 DEFINED (__AltInterrupt104)?ABSOLUTE (__AltInterrupt104):DEFINED (__Interrupt104)?ABSOLUTE (__Interrupt104):ABSOLUTE (__DefaultInterrupt)
                  0x0001e6          0x4 LONG 0x2c2 DEFINED (__AltInterrupt105)?ABSOLUTE (__AltInterrupt105):DEFINED (__Interrupt105)?ABSOLUTE (__Interrupt105):ABSOLUTE (__DefaultInterrupt)
                  0x0001e8          0x4 LONG 0x2c2 DEFINED (__AltInterrupt106)?ABSOLUTE (__AltInterrupt106):DEFINED (__Interrupt106)?ABSOLUTE (__Interrupt106):ABSOLUTE (__DefaultInterrupt)
                  0x0001ea          0x4 LONG 0x2c2 DEFINED (__AltInterrupt107)?ABSOLUTE (__AltInterrupt107):DEFINED (__Interrupt107)?ABSOLUTE (__Interrupt107):ABSOLUTE (__DefaultInterrupt)
                  0x0001ec          0x4 LONG 0x2c2 DEFINED (__AltInterrupt108)?ABSOLUTE (__AltInterrupt108):DEFINED (__Interrupt108)?ABSOLUTE (__Interrupt108):ABSOLUTE (__DefaultInterrupt)
                  0x0001ee          0x4 LONG 0x2c2 DEFINED (__AltInterrupt109)?ABSOLUTE (__AltInterrupt109):DEFINED (__Interrupt109)?ABSOLUTE (__Interrupt109):ABSOLUTE (__DefaultInterrupt)
                  0x0001f0          0x4 LONG 0x2c2 DEFINED (__AltInterrupt110)?ABSOLUTE (__AltInterrupt110):DEFINED (__Interrupt110)?ABSOLUTE (__Interrupt110):ABSOLUTE (__DefaultInterrupt)
                  0x0001f2          0x4 LONG 0x2c2 DEFINED (__AltInterrupt111)?ABSOLUTE (__AltInterrupt111):DEFINED (__Interrupt111)?ABSOLUTE (__Interrupt111):ABSOLUTE (__DefaultInterrupt)
                  0x0001f4          0x4 LONG 0x2c2 DEFINED (__AltInterrupt112)?ABSOLUTE (__AltInterrupt112):DEFINED (__Interrupt112)?ABSOLUTE (__Interrupt112):ABSOLUTE (__DefaultInterrupt)
                  0x0001f6          0x4 LONG 0x2c2 DEFINED (__AltInterrupt113)?ABSOLUTE (__AltInterrupt113):DEFINED (__Interrupt113)?ABSOLUTE (__Interrupt113):ABSOLUTE (__DefaultInterrupt)
                  0x0001f8          0x4 LONG 0x2c2 DEFINED (__AltInterrupt114)?ABSOLUTE (__AltInterrupt114):DEFINED (__Interrupt114)?ABSOLUTE (__Interrupt114):ABSOLUTE (__DefaultInterrupt)
                  0x0001fa          0x4 LONG 0x2c2 DEFINED (__AltInterrupt115)?ABSOLUTE (__AltInterrupt115):DEFINED (__Interrupt115)?ABSOLUTE (__Interrupt115):ABSOLUTE (__DefaultInterrupt)
                  0x0001fc          0x4 LONG 0x2c2 DEFINED (__AltInterrupt116)?ABSOLUTE (__AltInterrupt116):DEFINED (__Interrupt116)?ABSOLUTE (__Interrupt116):ABSOLUTE (__DefaultInterrupt)
                  0x0001fe          0x4 LONG 0x2c2 DEFINED (__AltInterrupt117)?ABSOLUTE (__AltInterrupt117):DEFINED (__Interrupt117)?ABSOLUTE (__Interrupt117):ABSOLUTE (__DefaultInterrupt)
                    0x0000                  WREG0 = 0x0
                    0x0000                  _WREG0 = 0x0
                    0x0002                  WREG1 = 0x2
                    0x0002                  _WREG1 = 0x2
                    0x0004                  WREG2 = 0x4
                    0x0004                  _WREG2 = 0x4
                    0x0006                  WREG3 = 0x6
                    0x0006                  _WREG3 = 0x6
                    0x0008                  WREG4 = 0x8
                    0x0008                  _WREG4 = 0x8
                    0x000a                  WREG5 = 0xa
                    0x000a                  _WREG5 = 0xa
                    0x000c                  WREG6 = 0xc
                    0x000c                  _WREG6 = 0xc
                    0x000e                  WREG7 = 0xe
                    0x000e                  _WREG7 = 0xe
                    0x0010                  WREG8 = 0x10
                    0x0010                  _WREG8 = 0x10
                    0x0012                  WREG9 = 0x12
                    0x0012                  _WREG9 = 0x12
                    0x0014                  WREG10 = 0x14
                    0x0014                  _WREG10 = 0x14
                    0x0016                  WREG11 = 0x16
                    0x0016                  _WREG11 = 0x16
                    0x0018                  WREG12 = 0x18
                    0x0018                  _WREG12 = 0x18
                    0x001a                  WREG13 = 0x1a
                    0x001a                  _WREG13 = 0x1a
                    0x001c                  WREG14 = 0x1c
                    0x001c                  _WREG14 = 0x1c
                    0x001e                  WREG15 = 0x1e
                    0x001e                  _WREG15 = 0x1e
                    0x0020                  SPLIM = 0x20
                    0x0020                  _SPLIM = 0x20
                    0x0022                  ACCAL = 0x22
                    0x0022                  _ACCAL = 0x22
                    0x0024                  ACCAH = 0x24
                    0x0024                  _ACCAH = 0x24
                    0x0026                  ACCAU = 0x26
                    0x0026                  _ACCAU = 0x26
                    0x0028                  ACCBL = 0x28
                    0x0028                  _ACCBL = 0x28
                    0x002a                  ACCBH = 0x2a
                    0x002a                  _ACCBH = 0x2a
                    0x002c                  ACCBU = 0x2c
                    0x002c                  _ACCBU = 0x2c
                    0x002e                  PCL = 0x2e
                    0x002e                  _PCL = 0x2e
                    0x0030                  PCH = 0x30
                    0x0030                  _PCH = 0x30
                    0x0032                  TBLPAG = 0x32
                    0x0032                  _TBLPAG = 0x32
                    0x0034                  PSVPAG = 0x34
                    0x0034                  _PSVPAG = 0x34
                    0x0036                  RCOUNT = 0x36
                    0x0036                  _RCOUNT = 0x36
                    0x0038                  DCOUNT = 0x38
                    0x0038                  _DCOUNT = 0x38
                    0x003a                  DOSTARTL = 0x3a
                    0x003a                  _DOSTARTL = 0x3a
                    0x003c                  DOSTARTH = 0x3c
                    0x003c                  _DOSTARTH = 0x3c
                    0x003e                  DOENDL = 0x3e
                    0x003e                  _DOENDL = 0x3e
                    0x0040                  DOENDH = 0x40
                    0x0040                  _DOENDH = 0x40
                    0x0042                  SR = 0x42
                    0x0042                  _SR = 0x42
                    0x0042                  _SRbits = 0x42
                    0x0044                  CORCON = 0x44
                    0x0044                  _CORCON = 0x44
                    0x0044                  _CORCONbits = 0x44
                    0x0046                  MODCON = 0x46
                    0x0046                  _MODCON = 0x46
                    0x0046                  _MODCONbits = 0x46
                    0x0048                  XMODSRT = 0x48
                    0x0048                  _XMODSRT = 0x48
                    0x004a                  XMODEND = 0x4a
                    0x004a                  _XMODEND = 0x4a
                    0x004c                  YMODSRT = 0x4c
                    0x004c                  _YMODSRT = 0x4c
                    0x004e                  YMODEND = 0x4e
                    0x004e                  _YMODEND = 0x4e
                    0x0050                  XBREV = 0x50
                    0x0050                  _XBREV = 0x50
                    0x0050                  _XBREVbits = 0x50
                    0x0052                  DISICNT = 0x52
                    0x0052                  _DISICNT = 0x52
                    0x0060                  CNEN1 = 0x60
                    0x0060                  _CNEN1 = 0x60
                    0x0060                  _CNEN1bits = 0x60
                    0x0062                  CNEN2 = 0x62
                    0x0062                  _CNEN2 = 0x62
                    0x0062                  _CNEN2bits = 0x62
                    0x0068                  CNPU1 = 0x68
                    0x0068                  _CNPU1 = 0x68
                    0x0068                  _CNPU1bits = 0x68
                    0x006a                  CNPU2 = 0x6a
                    0x006a                  _CNPU2 = 0x6a
                    0x006a                  _CNPU2bits = 0x6a
                    0x0080                  INTCON1 = 0x80
                    0x0080                  _INTCON1 = 0x80
                    0x0080                  _INTCON1bits = 0x80
                    0x0082                  INTCON2 = 0x82
                    0x0082                  _INTCON2 = 0x82
                    0x0082                  _INTCON2bits = 0x82
                    0x0084                  IFS0 = 0x84
                    0x0084                  _IFS0 = 0x84
                    0x0084                  _IFS0bits = 0x84
                    0x0086                  IFS1 = 0x86
                    0x0086                  _IFS1 = 0x86
                    0x0086                  _IFS1bits = 0x86
                    0x0088                  IFS2 = 0x88
                    0x0088                  _IFS2 = 0x88
                    0x0088                  _IFS2bits = 0x88
                    0x008a                  IFS3 = 0x8a
                    0x008a                  _IFS3 = 0x8a
                    0x008a                  _IFS3bits = 0x8a
                    0x008c                  IFS4 = 0x8c
                    0x008c                  _IFS4 = 0x8c
                    0x008c                  _IFS4bits = 0x8c
                    0x0094                  IEC0 = 0x94
                    0x0094                  _IEC0 = 0x94
                    0x0094                  _IEC0bits = 0x94
                    0x0096                  IEC1 = 0x96
                    0x0096                  _IEC1 = 0x96
                    0x0096                  _IEC1bits = 0x96
                    0x0098                  IEC2 = 0x98
                    0x0098                  _IEC2 = 0x98
                    0x0098                  _IEC2bits = 0x98
                    0x009a                  IEC3 = 0x9a
                    0x009a                  _IEC3 = 0x9a
                    0x009a                  _IEC3bits = 0x9a
                    0x009c                  IEC4 = 0x9c
                    0x009c                  _IEC4 = 0x9c
                    0x009c                  _IEC4bits = 0x9c
                    0x00a4                  IPC0 = 0xa4
                    0x00a4                  _IPC0 = 0xa4
                    0x00a4                  _IPC0bits = 0xa4
                    0x00a6                  IPC1 = 0xa6
                    0x00a6                  _IPC1 = 0xa6
                    0x00a6                  _IPC1bits = 0xa6
                    0x00a8                  IPC2 = 0xa8
                    0x00a8                  _IPC2 = 0xa8
                    0x00a8                  _IPC2bits = 0xa8
                    0x00aa                  IPC3 = 0xaa
                    0x00aa                  _IPC3 = 0xaa
                    0x00aa                  _IPC3bits = 0xaa
                    0x00ac                  IPC4 = 0xac
                    0x00ac                  _IPC4 = 0xac
                    0x00ac                  _IPC4bits = 0xac
                    0x00ae                  IPC5 = 0xae
                    0x00ae                  _IPC5 = 0xae
                    0x00ae                  _IPC5bits = 0xae
                    0x00b0                  IPC6 = 0xb0
                    0x00b0                  _IPC6 = 0xb0
                    0x00b0                  _IPC6bits = 0xb0
                    0x00b2                  IPC7 = 0xb2
                    0x00b2                  _IPC7 = 0xb2
                    0x00b2                  _IPC7bits = 0xb2
                    0x00b4                  IPC8 = 0xb4
                    0x00b4                  _IPC8 = 0xb4
                    0x00b4                  _IPC8bits = 0xb4
                    0x00b6                  IPC9 = 0xb6
                    0x00b6                  _IPC9 = 0xb6
                    0x00b6                  _IPC9bits = 0xb6
                    0x00b8                  IPC10 = 0xb8
                    0x00b8                  _IPC10 = 0xb8
                    0x00b8                  _IPC10bits = 0xb8
                    0x00ba                  IPC11 = 0xba
                    0x00ba                  _IPC11 = 0xba
                    0x00ba                  _IPC11bits = 0xba
                    0x00bc                  IPC12 = 0xbc
                    0x00bc                  _IPC12 = 0xbc
                    0x00bc                  _IPC12bits = 0xbc
                    0x00be                  IPC13 = 0xbe
                    0x00be                  _IPC13 = 0xbe
                    0x00be                  _IPC13bits = 0xbe
                    0x00c0                  IPC14 = 0xc0
                    0x00c0                  _IPC14 = 0xc0
                    0x00c0                  _IPC14bits = 0xc0
                    0x00c2                  IPC15 = 0xc2
                    0x00c2                  _IPC15 = 0xc2
                    0x00c2                  _IPC15bits = 0xc2
                    0x00c4                  IPC16 = 0xc4
                    0x00c4                  _IPC16 = 0xc4
                    0x00c4                  _IPC16bits = 0xc4
                    0x00c6                  IPC17 = 0xc6
                    0x00c6                  _IPC17 = 0xc6
                    0x00c6                  _IPC17bits = 0xc6
                    0x00e0                  INTTREG = 0xe0
                    0x00e0                  _INTTREG = 0xe0
                    0x00e0                  _INTTREGbits = 0xe0
                    0x0100                  TMR1 = 0x100
                    0x0100                  _TMR1 = 0x100
                    0x0102                  PR1 = 0x102
                    0x0102                  _PR1 = 0x102
                    0x0104                  T1CON = 0x104
                    0x0104                  _T1CON = 0x104
                    0x0104                  _T1CONbits = 0x104
                    0x0106                  TMR2 = 0x106
                    0x0106                  _TMR2 = 0x106
                    0x0108                  TMR3HLD = 0x108
                    0x0108                  _TMR3HLD = 0x108
                    0x010a                  TMR3 = 0x10a
                    0x010a                  _TMR3 = 0x10a
                    0x010c                  PR2 = 0x10c
                    0x010c                  _PR2 = 0x10c
                    0x010e                  PR3 = 0x10e
                    0x010e                  _PR3 = 0x10e
                    0x0110                  T2CON = 0x110
                    0x0110                  _T2CON = 0x110
                    0x0110                  _T2CONbits = 0x110
                    0x0112                  T3CON = 0x112
                    0x0112                  _T3CON = 0x112
                    0x0112                  _T3CONbits = 0x112
                    0x0114                  TMR4 = 0x114
                    0x0114                  _TMR4 = 0x114
                    0x0116                  TMR5HLD = 0x116
                    0x0116                  _TMR5HLD = 0x116
                    0x0118                  TMR5 = 0x118
                    0x0118                  _TMR5 = 0x118
                    0x011a                  PR4 = 0x11a
                    0x011a                  _PR4 = 0x11a
                    0x011c                  PR5 = 0x11c
                    0x011c                  _PR5 = 0x11c
                    0x011e                  T4CON = 0x11e
                    0x011e                  _T4CON = 0x11e
                    0x011e                  _T4CONbits = 0x11e
                    0x0120                  T5CON = 0x120
                    0x0120                  _T5CON = 0x120
                    0x0120                  _T5CONbits = 0x120
                    0x0122                  TMR6 = 0x122
                    0x0122                  _TMR6 = 0x122
                    0x0124                  TMR7HLD = 0x124
                    0x0124                  _TMR7HLD = 0x124
                    0x0126                  TMR7 = 0x126
                    0x0126                  _TMR7 = 0x126
                    0x0128                  PR6 = 0x128
                    0x0128                  _PR6 = 0x128
                    0x012a                  PR7 = 0x12a
                    0x012a                  _PR7 = 0x12a
                    0x012c                  T6CON = 0x12c
                    0x012c                  _T6CON = 0x12c
                    0x012c                  _T6CONbits = 0x12c
                    0x012e                  T7CON = 0x12e
                    0x012e                  _T7CON = 0x12e
                    0x012e                  _T7CONbits = 0x12e
                    0x0130                  TMR8 = 0x130
                    0x0130                  _TMR8 = 0x130
                    0x0132                  TMR9HLD = 0x132
                    0x0132                  _TMR9HLD = 0x132
                    0x0134                  TMR9 = 0x134
                    0x0134                  _TMR9 = 0x134
                    0x0136                  PR8 = 0x136
                    0x0136                  _PR8 = 0x136
                    0x0138                  PR9 = 0x138
                    0x0138                  _PR9 = 0x138
                    0x013a                  T8CON = 0x13a
                    0x013a                  _T8CON = 0x13a
                    0x013a                  _T8CONbits = 0x13a
                    0x013c                  T9CON = 0x13c
                    0x013c                  _T9CON = 0x13c
                    0x013c                  _T9CONbits = 0x13c
                    0x0140                  IC1BUF = 0x140
                    0x0140                  _IC1BUF = 0x140
                    0x0142                  IC1CON = 0x142
                    0x0142                  _IC1CON = 0x142
                    0x0142                  _IC1CONbits = 0x142
                    0x0144                  IC2BUF = 0x144
                    0x0144                  _IC2BUF = 0x144
                    0x0146                  IC2CON = 0x146
                    0x0146                  _IC2CON = 0x146
                    0x0146                  _IC2CONbits = 0x146
                    0x0148                  IC3BUF = 0x148
                    0x0148                  _IC3BUF = 0x148
                    0x014a                  IC3CON = 0x14a
                    0x014a                  _IC3CON = 0x14a
                    0x014a                  _IC3CONbits = 0x14a
                    0x014c                  IC4BUF = 0x14c
                    0x014c                  _IC4BUF = 0x14c
                    0x014e                  IC4CON = 0x14e
                    0x014e                  _IC4CON = 0x14e
                    0x014e                  _IC4CONbits = 0x14e
                    0x0150                  IC5BUF = 0x150
                    0x0150                  _IC5BUF = 0x150
                    0x0152                  IC5CON = 0x152
                    0x0152                  _IC5CON = 0x152
                    0x0152                  _IC5CONbits = 0x152
                    0x0154                  IC6BUF = 0x154
                    0x0154                  _IC6BUF = 0x154
                    0x0156                  IC6CON = 0x156
                    0x0156                  _IC6CON = 0x156
                    0x0156                  _IC6CONbits = 0x156
                    0x0158                  IC7BUF = 0x158
                    0x0158                  _IC7BUF = 0x158
                    0x015a                  IC7CON = 0x15a
                    0x015a                  _IC7CON = 0x15a
                    0x015a                  _IC7CONbits = 0x15a
                    0x015c                  IC8BUF = 0x15c
                    0x015c                  _IC8BUF = 0x15c
                    0x015e                  IC8CON = 0x15e
                    0x015e                  _IC8CON = 0x15e
                    0x015e                  _IC8CONbits = 0x15e
                    0x0180                  OC1RS = 0x180
                    0x0180                  _OC1RS = 0x180
                    0x0182                  OC1R = 0x182
                    0x0182                  _OC1R = 0x182
                    0x0184                  OC1CON = 0x184
                    0x0184                  _OC1CON = 0x184
                    0x0184                  _OC1CONbits = 0x184